Archive member included to satisfy reference by file (symbol)

.\CortexM0\ARM_GCC_541\Debug\PioneerLSeries.a(CyLib.o)
                              .\CortexM0\ARM_GCC_541\Debug\cyfitter_cfg.o (CyIntEnable)
.\CortexM0\ARM_GCC_541\Debug\PioneerLSeries.a(CyLFClk.o)
                              .\CortexM0\ARM_GCC_541\Debug\PioneerLSeries.a(CyLib.o) (CySysClkWcoEnabled)
.\CortexM0\ARM_GCC_541\Debug\PioneerLSeries.a(ADC.o)
                              .\CortexM0\ARM_GCC_541\Debug\main.o (ADC_Start)
.\CortexM0\ARM_GCC_541\Debug\PioneerLSeries.a(ADC_INT.o)
                              .\CortexM0\ARM_GCC_541\Debug\PioneerLSeries.a(ADC.o) (ADC_ISR)
.\CortexM0\ARM_GCC_541\Debug\PioneerLSeries.a(LCD.o)
                              .\CortexM0\ARM_GCC_541\Debug\main.o (LCD_Start)
.\CortexM0\ARM_GCC_541\Debug\PioneerLSeries.a(CyBootAsmGnu.o)
                              .\CortexM0\ARM_GCC_541\Debug\PioneerLSeries.a(CyLib.o) (CyDelayCycles)
.\CortexM0\ARM_GCC_541\Debug\PioneerLSeries.a(CyFlash.o)
                              .\CortexM0\ARM_GCC_541\Debug\PioneerLSeries.a(CyLib.o) (CySysFlashSetWaitCycles)
e:/program files (x86)/cypress/psoc creator/4.2/psoc creator/import/gnu/arm/5.4.1/bin/../lib/gcc/arm-none-eabi/5.4.1/armv6-m\libgcc.a(_udivsi3.o)
                              .\CortexM0\ARM_GCC_541\Debug\PioneerLSeries.a(CyLib.o) (__aeabi_uidiv)
e:/program files (x86)/cypress/psoc creator/4.2/psoc creator/import/gnu/arm/5.4.1/bin/../lib/gcc/arm-none-eabi/5.4.1/armv6-m\libgcc.a(_divsi3.o)
                              .\CortexM0\ARM_GCC_541\Debug\PioneerLSeries.a(CyLib.o) (__aeabi_idiv)
e:/program files (x86)/cypress/psoc creator/4.2/psoc creator/import/gnu/arm/5.4.1/bin/../lib/gcc/arm-none-eabi/5.4.1/armv6-m\libgcc.a(_dvmd_tls.o)
                              e:/program files (x86)/cypress/psoc creator/4.2/psoc creator/import/gnu/arm/5.4.1/bin/../lib/gcc/arm-none-eabi/5.4.1/armv6-m\libgcc.a(_udivsi3.o) (__aeabi_idiv0)
e:/program files (x86)/cypress/psoc creator/4.2/psoc creator/import/gnu/arm/5.4.1/bin/../lib/gcc/arm-none-eabi/5.4.1/armv6-m\libgcc.a(_aeabi_ldivmod.o)
                              .\CortexM0\ARM_GCC_541\Debug\PioneerLSeries.a(ADC.o) (__aeabi_ldivmod)
e:/program files (x86)/cypress/psoc creator/4.2/psoc creator/import/gnu/arm/5.4.1/bin/../lib/gcc/arm-none-eabi/5.4.1/armv6-m\libgcc.a(_muldi3.o)
                              .\CortexM0\ARM_GCC_541\Debug\PioneerLSeries.a(ADC.o) (__aeabi_lmul)
e:/program files (x86)/cypress/psoc creator/4.2/psoc creator/import/gnu/arm/5.4.1/bin/../lib/gcc/arm-none-eabi/5.4.1/armv6-m\libgcc.a(bpabi.o)
                              e:/program files (x86)/cypress/psoc creator/4.2/psoc creator/import/gnu/arm/5.4.1/bin/../lib/gcc/arm-none-eabi/5.4.1/armv6-m\libgcc.a(_aeabi_ldivmod.o) (__gnu_ldivmod_helper)
e:/program files (x86)/cypress/psoc creator/4.2/psoc creator/import/gnu/arm/5.4.1/bin/../lib/gcc/arm-none-eabi/5.4.1/armv6-m\libgcc.a(divsf3.o)
                              .\CortexM0\ARM_GCC_541\Debug\PioneerLSeries.a(ADC.o) (__aeabi_fdiv)
e:/program files (x86)/cypress/psoc creator/4.2/psoc creator/import/gnu/arm/5.4.1/bin/../lib/gcc/arm-none-eabi/5.4.1/armv6-m\libgcc.a(mulsf3.o)
                              .\CortexM0\ARM_GCC_541\Debug\PioneerLSeries.a(ADC.o) (__aeabi_fmul)
e:/program files (x86)/cypress/psoc creator/4.2/psoc creator/import/gnu/arm/5.4.1/bin/../lib/gcc/arm-none-eabi/5.4.1/armv6-m\libgcc.a(floatsisf.o)
                              .\CortexM0\ARM_GCC_541\Debug\PioneerLSeries.a(ADC.o) (__aeabi_i2f)
e:/program files (x86)/cypress/psoc creator/4.2/psoc creator/import/gnu/arm/5.4.1/bin/../lib/gcc/arm-none-eabi/5.4.1/armv6-m\libgcc.a(_clzsi2.o)
                              e:/program files (x86)/cypress/psoc creator/4.2/psoc creator/import/gnu/arm/5.4.1/bin/../lib/gcc/arm-none-eabi/5.4.1/armv6-m\libgcc.a(divsf3.o) (__clzsi2)
e:/program files (x86)/cypress/psoc creator/4.2/psoc creator/import/gnu/arm/5.4.1/bin/../lib/gcc/arm-none-eabi/5.4.1/armv6-m\libgcc.a(_divdi3.o)
                              e:/program files (x86)/cypress/psoc creator/4.2/psoc creator/import/gnu/arm/5.4.1/bin/../lib/gcc/arm-none-eabi/5.4.1/armv6-m\libgcc.a(bpabi.o) (__divdi3)
e:/program files (x86)/cypress/psoc creator/4.2/psoc creator/import/gnu/arm/5.4.1/bin/../lib/gcc/arm-none-eabi/5.4.1/armv6-m\libgcc.a(_clzdi2.o)
                              e:/program files (x86)/cypress/psoc creator/4.2/psoc creator/import/gnu/arm/5.4.1/bin/../lib/gcc/arm-none-eabi/5.4.1/armv6-m\libgcc.a(_divdi3.o) (__clzdi2)
e:/program files (x86)/cypress/psoc creator/4.2/psoc creator/import/gnu/arm/5.4.1/bin/../lib/gcc/arm-none-eabi/5.4.1/../../../../arm-none-eabi/lib/armv6-m\libg_nano.a(lib_a-errno.o)
                              .\CortexM0\ARM_GCC_541\Debug\Cm0Start.o (__errno)
e:/program files (x86)/cypress/psoc creator/4.2/psoc creator/import/gnu/arm/5.4.1/bin/../lib/gcc/arm-none-eabi/5.4.1/../../../../arm-none-eabi/lib/armv6-m\libg_nano.a(lib_a-exit.o)
                              e:/program files (x86)/cypress/psoc creator/4.2/psoc creator/import/gnu/arm/5.4.1/bin/../lib/gcc/arm-none-eabi/5.4.1/../../../../arm-none-eabi/lib/armv6-m/crt0.o (exit)
e:/program files (x86)/cypress/psoc creator/4.2/psoc creator/import/gnu/arm/5.4.1/bin/../lib/gcc/arm-none-eabi/5.4.1/../../../../arm-none-eabi/lib/armv6-m\libg_nano.a(lib_a-impure.o)
                              e:/program files (x86)/cypress/psoc creator/4.2/psoc creator/import/gnu/arm/5.4.1/bin/../lib/gcc/arm-none-eabi/5.4.1/../../../../arm-none-eabi/lib/armv6-m\libg_nano.a(lib_a-exit.o) (_global_impure_ptr)
e:/program files (x86)/cypress/psoc creator/4.2/psoc creator/import/gnu/arm/5.4.1/bin/../lib/gcc/arm-none-eabi/5.4.1/../../../../arm-none-eabi/lib/armv6-m\libg_nano.a(lib_a-init.o)
                              e:/program files (x86)/cypress/psoc creator/4.2/psoc creator/import/gnu/arm/5.4.1/bin/../lib/gcc/arm-none-eabi/5.4.1/../../../../arm-none-eabi/lib/armv6-m/crt0.o (__libc_init_array)
e:/program files (x86)/cypress/psoc creator/4.2/psoc creator/import/gnu/arm/5.4.1/bin/../lib/gcc/arm-none-eabi/5.4.1/../../../../arm-none-eabi/lib/armv6-m\libg_nano.a(lib_a-memcpy-stub.o)
                              .\CortexM0\ARM_GCC_541\Debug\PioneerLSeries.a(CyFlash.o) (memcpy)
e:/program files (x86)/cypress/psoc creator/4.2/psoc creator/import/gnu/arm/5.4.1/bin/../lib/gcc/arm-none-eabi/5.4.1/../../../../arm-none-eabi/lib/armv6-m\libg_nano.a(lib_a-memset.o)
                              e:/program files (x86)/cypress/psoc creator/4.2/psoc creator/import/gnu/arm/5.4.1/bin/../lib/gcc/arm-none-eabi/5.4.1/../../../../arm-none-eabi/lib/armv6-m/crt0.o (memset)

Allocating common symbols
Common symbol       size              file

myDisplayData       0xc               .\CortexM0\ARM_GCC_541\Debug\main.o
displayTCB          0xc               .\CortexM0\ARM_GCC_541\Debug\main.o
ADC_countsPer10Volt
                    0xc               .\CortexM0\ARM_GCC_541\Debug\PioneerLSeries.a(ADC.o)
ADC_offset          0x6               .\CortexM0\ARM_GCC_541\Debug\PioneerLSeries.a(ADC.o)
myPotData           0x6               .\CortexM0\ARM_GCC_541\Debug\main.o
potTCB              0xc               .\CortexM0\ARM_GCC_541\Debug\main.o
motor0              0x18              .\CortexM0\ARM_GCC_541\Debug\main.o

Discarded input sections

 .text          0x00000000        0x0 e:/program files (x86)/cypress/psoc creator/4.2/psoc creator/import/gnu/arm/5.4.1/bin/../lib/gcc/arm-none-eabi/5.4.1/armv6-m/crti.o
 .data          0x00000000        0x0 e:/program files (x86)/cypress/psoc creator/4.2/psoc creator/import/gnu/arm/5.4.1/bin/../lib/gcc/arm-none-eabi/5.4.1/armv6-m/crti.o
 .bss           0x00000000        0x0 e:/program files (x86)/cypress/psoc creator/4.2/psoc creator/import/gnu/arm/5.4.1/bin/../lib/gcc/arm-none-eabi/5.4.1/armv6-m/crti.o
 .data          0x00000000        0x4 e:/program files (x86)/cypress/psoc creator/4.2/psoc creator/import/gnu/arm/5.4.1/bin/../lib/gcc/arm-none-eabi/5.4.1/armv6-m/crtbegin.o
 .text          0x00000000       0x78 e:/program files (x86)/cypress/psoc creator/4.2/psoc creator/import/gnu/arm/5.4.1/bin/../lib/gcc/arm-none-eabi/5.4.1/../../../../arm-none-eabi/lib/armv6-m/crt0.o
 .data          0x00000000        0x0 e:/program files (x86)/cypress/psoc creator/4.2/psoc creator/import/gnu/arm/5.4.1/bin/../lib/gcc/arm-none-eabi/5.4.1/../../../../arm-none-eabi/lib/armv6-m/crt0.o
 .bss           0x00000000        0x0 e:/program files (x86)/cypress/psoc creator/4.2/psoc creator/import/gnu/arm/5.4.1/bin/../lib/gcc/arm-none-eabi/5.4.1/../../../../arm-none-eabi/lib/armv6-m/crt0.o
 .ARM.extab     0x00000000        0x0 e:/program files (x86)/cypress/psoc creator/4.2/psoc creator/import/gnu/arm/5.4.1/bin/../lib/gcc/arm-none-eabi/5.4.1/../../../../arm-none-eabi/lib/armv6-m/crt0.o
 .ARM.exidx     0x00000000        0x8 e:/program files (x86)/cypress/psoc creator/4.2/psoc creator/import/gnu/arm/5.4.1/bin/../lib/gcc/arm-none-eabi/5.4.1/../../../../arm-none-eabi/lib/armv6-m/crt0.o
 .text          0x00000000        0x0 .\CortexM0\ARM_GCC_541\Debug\main.o
 .data          0x00000000        0x0 .\CortexM0\ARM_GCC_541\Debug\main.o
 .text          0x00000000        0x0 .\CortexM0\ARM_GCC_541\Debug\pots.o
 .data          0x00000000        0x0 .\CortexM0\ARM_GCC_541\Debug\pots.o
 .bss           0x00000000        0x0 .\CortexM0\ARM_GCC_541\Debug\pots.o
 .text          0x00000000        0x0 .\CortexM0\ARM_GCC_541\Debug\scheduler.o
 .data          0x00000000        0x0 .\CortexM0\ARM_GCC_541\Debug\scheduler.o
 .bss           0x00000000        0x0 .\CortexM0\ARM_GCC_541\Debug\scheduler.o
 .text          0x00000000        0x0 .\CortexM0\ARM_GCC_541\Debug\display.o
 .data          0x00000000        0x0 .\CortexM0\ARM_GCC_541\Debug\display.o
 .bss           0x00000000        0x0 .\CortexM0\ARM_GCC_541\Debug\display.o
 .text          0x00000000        0x0 .\CortexM0\ARM_GCC_541\Debug\cyfitter_cfg.o
 .data          0x00000000        0x0 .\CortexM0\ARM_GCC_541\Debug\cyfitter_cfg.o
 .bss           0x00000000        0x0 .\CortexM0\ARM_GCC_541\Debug\cyfitter_cfg.o
 .text          0x00000000        0x0 .\CortexM0\ARM_GCC_541\Debug\cymetadata.o
 .data          0x00000000        0x0 .\CortexM0\ARM_GCC_541\Debug\cymetadata.o
 .bss           0x00000000        0x0 .\CortexM0\ARM_GCC_541\Debug\cymetadata.o
 .text          0x00000000        0x0 .\CortexM0\ARM_GCC_541\Debug\Cm0Start.o
 .data          0x00000000        0x4 .\CortexM0\ARM_GCC_541\Debug\Cm0Start.o
 .bss           0x00000000        0x0 .\CortexM0\ARM_GCC_541\Debug\Cm0Start.o
 .text._exit    0x00000000        0xc .\CortexM0\ARM_GCC_541\Debug\Cm0Start.o
 .text._sbrk    0x00000000       0x30 .\CortexM0\ARM_GCC_541\Debug\Cm0Start.o
 .text          0x00000000        0x0 .\CortexM0\ARM_GCC_541\Debug\PioneerLSeries.a(CyLib.o)
 .text.CySysClkImoStart
                0x00000000       0x14 .\CortexM0\ARM_GCC_541\Debug\PioneerLSeries.a(CyLib.o)
 .text.CySysClkImoStop
                0x00000000       0x1c .\CortexM0\ARM_GCC_541\Debug\PioneerLSeries.a(CyLib.o)
 .text.CySysClkWriteHfclkDirect
                0x00000000       0x44 .\CortexM0\ARM_GCC_541\Debug\PioneerLSeries.a(CyLib.o)
 .text.CySysEnablePumpClock
                0x00000000       0x38 .\CortexM0\ARM_GCC_541\Debug\PioneerLSeries.a(CyLib.o)
 .text.CySysClkGetSysclkSource
                0x00000000       0x34 .\CortexM0\ARM_GCC_541\Debug\PioneerLSeries.a(CyLib.o)
 .text.CySysClkWriteSysclkDiv
                0x00000000       0x30 .\CortexM0\ARM_GCC_541\Debug\PioneerLSeries.a(CyLib.o)
 .text.CySysClkEcoStop
                0x00000000       0x14 .\CortexM0\ARM_GCC_541\Debug\PioneerLSeries.a(CyLib.o)
 .text.CySysClkEcoReadStatus
                0x00000000       0x14 .\CortexM0\ARM_GCC_541\Debug\PioneerLSeries.a(CyLib.o)
 .text.CySysClkConfigureEcoTrim
                0x00000000       0x60 .\CortexM0\ARM_GCC_541\Debug\PioneerLSeries.a(CyLib.o)
 .text.CySysClkConfigureEcoDrive
                0x00000000      0x174 .\CortexM0\ARM_GCC_541\Debug\PioneerLSeries.a(CyLib.o)
 .text.CySysClkPllStop
                0x00000000       0x28 .\CortexM0\ARM_GCC_541\Debug\PioneerLSeries.a(CyLib.o)
 .text.CySysClkPllSetBypassMode
                0x00000000       0x38 .\CortexM0\ARM_GCC_541\Debug\PioneerLSeries.a(CyLib.o)
 .text.CySysClkPllGetUnlockStatus
                0x00000000       0x34 .\CortexM0\ARM_GCC_541\Debug\PioneerLSeries.a(CyLib.o)
 .text.CySysClkPllSetSource
                0x00000000       0x30 .\CortexM0\ARM_GCC_541\Debug\PioneerLSeries.a(CyLib.o)
 .text.CySysLvdDisable
                0x00000000       0x20 .\CortexM0\ARM_GCC_541\Debug\PioneerLSeries.a(CyLib.o)
 .text.CySysLvdGetInterruptSource
                0x00000000       0x10 .\CortexM0\ARM_GCC_541\Debug\PioneerLSeries.a(CyLib.o)
 .text.CySysLvdClearInterrupt
                0x00000000        0xc .\CortexM0\ARM_GCC_541\Debug\PioneerLSeries.a(CyLib.o)
 .text.CySysGetResetReason
                0x00000000       0x14 .\CortexM0\ARM_GCC_541\Debug\PioneerLSeries.a(CyLib.o)
 .text.CyDisableInts
                0x00000000       0x10 .\CortexM0\ARM_GCC_541\Debug\PioneerLSeries.a(CyLib.o)
 .text.CyEnableInts
                0x00000000        0xc .\CortexM0\ARM_GCC_541\Debug\PioneerLSeries.a(CyLib.o)
 .text.CyIntGetState
                0x00000000       0x18 .\CortexM0\ARM_GCC_541\Debug\PioneerLSeries.a(CyLib.o)
 .text.CyIntDisable
                0x00000000       0x14 .\CortexM0\ARM_GCC_541\Debug\PioneerLSeries.a(CyLib.o)
 .text.CyIntSetPending
                0x00000000       0x14 .\CortexM0\ARM_GCC_541\Debug\PioneerLSeries.a(CyLib.o)
 .text.CyIntClearPending
                0x00000000       0x14 .\CortexM0\ARM_GCC_541\Debug\PioneerLSeries.a(CyLib.o)
 .text.CySysClkPllGetLockStatus
                0x00000000       0x40 .\CortexM0\ARM_GCC_541\Debug\PioneerLSeries.a(CyLib.o)
 .text.CySysClkPllGetBypassMode
                0x00000000       0x30 .\CortexM0\ARM_GCC_541\Debug\PioneerLSeries.a(CyLib.o)
 .text.CySysClkPllConfigChangeAllowed
                0x00000000       0x40 .\CortexM0\ARM_GCC_541\Debug\PioneerLSeries.a(CyLib.o)
 .text.CySysClkPllSetPQ
                0x00000000       0xa4 .\CortexM0\ARM_GCC_541\Debug\PioneerLSeries.a(CyLib.o)
 .text.CySysClkPllSetOutputDivider
                0x00000000       0x58 .\CortexM0\ARM_GCC_541\Debug\PioneerLSeries.a(CyLib.o)
 .text.CySysClkPllSetFrequency
                0x00000000      0x110 .\CortexM0\ARM_GCC_541\Debug\PioneerLSeries.a(CyLib.o)
 .text.CyIntSetSysVector
                0x00000000       0x20 .\CortexM0\ARM_GCC_541\Debug\PioneerLSeries.a(CyLib.o)
 .text.CyIntGetSysVector
                0x00000000       0x1c .\CortexM0\ARM_GCC_541\Debug\PioneerLSeries.a(CyLib.o)
 .text.CyIntGetVector
                0x00000000       0x20 .\CortexM0\ARM_GCC_541\Debug\PioneerLSeries.a(CyLib.o)
 .text.CyIntGetPriority
                0x00000000       0x2c .\CortexM0\ARM_GCC_541\Debug\PioneerLSeries.a(CyLib.o)
 .text.CySoftwareReset
                0x00000000       0x18 .\CortexM0\ARM_GCC_541\Debug\PioneerLSeries.a(CyLib.o)
 .text.CySysClkEcoStart
                0x00000000       0x48 .\CortexM0\ARM_GCC_541\Debug\PioneerLSeries.a(CyLib.o)
 .text.CySysClkPllStart
                0x00000000       0x9c .\CortexM0\ARM_GCC_541\Debug\PioneerLSeries.a(CyLib.o)
 .text.CySysLvdEnable
                0x00000000       0x44 .\CortexM0\ARM_GCC_541\Debug\PioneerLSeries.a(CyLib.o)
 .text.CyDelayFreq
                0x00000000       0x4c .\CortexM0\ARM_GCC_541\Debug\PioneerLSeries.a(CyLib.o)
 .text.CySysTickStop
                0x00000000       0x10 .\CortexM0\ARM_GCC_541\Debug\PioneerLSeries.a(CyLib.o)
 .text.CySysTickEnableInterrupt
                0x00000000       0x10 .\CortexM0\ARM_GCC_541\Debug\PioneerLSeries.a(CyLib.o)
 .text.CySysTickEnable
                0x00000000       0x18 .\CortexM0\ARM_GCC_541\Debug\PioneerLSeries.a(CyLib.o)
 .text.CySysTickDisableInterrupt
                0x00000000       0x10 .\CortexM0\ARM_GCC_541\Debug\PioneerLSeries.a(CyLib.o)
 .text.CySysTickSetReload
                0x00000000       0x10 .\CortexM0\ARM_GCC_541\Debug\PioneerLSeries.a(CyLib.o)
 .text.CySysTickGetReload
                0x00000000       0x10 .\CortexM0\ARM_GCC_541\Debug\PioneerLSeries.a(CyLib.o)
 .text.CySysTickGetValue
                0x00000000       0x10 .\CortexM0\ARM_GCC_541\Debug\PioneerLSeries.a(CyLib.o)
 .text.CySysTickSetClockSource
                0x00000000       0x20 .\CortexM0\ARM_GCC_541\Debug\PioneerLSeries.a(CyLib.o)
 .text.CySysTickGetClockSource
                0x00000000       0x10 .\CortexM0\ARM_GCC_541\Debug\PioneerLSeries.a(CyLib.o)
 .text.CySysTickGetCountFlag
                0x00000000       0x10 .\CortexM0\ARM_GCC_541\Debug\PioneerLSeries.a(CyLib.o)
 .text.CySysTickServiceCallbacks
                0x00000000       0x2c .\CortexM0\ARM_GCC_541\Debug\PioneerLSeries.a(CyLib.o)
 .text.CySysTickClear
                0x00000000        0xc .\CortexM0\ARM_GCC_541\Debug\PioneerLSeries.a(CyLib.o)
 .text.CySysTickInit
                0x00000000       0x48 .\CortexM0\ARM_GCC_541\Debug\PioneerLSeries.a(CyLib.o)
 .text.CySysTickStart
                0x00000000       0x20 .\CortexM0\ARM_GCC_541\Debug\PioneerLSeries.a(CyLib.o)
 .text.CySysTickSetCallback
                0x00000000       0x10 .\CortexM0\ARM_GCC_541\Debug\PioneerLSeries.a(CyLib.o)
 .text.CySysTickGetCallback
                0x00000000       0x10 .\CortexM0\ARM_GCC_541\Debug\PioneerLSeries.a(CyLib.o)
 .text.CyGetUniqueId
                0x00000000       0x70 .\CortexM0\ARM_GCC_541\Debug\PioneerLSeries.a(CyLib.o)
 .text.CySysSetRamAccessArbPriority
                0x00000000       0x20 .\CortexM0\ARM_GCC_541\Debug\PioneerLSeries.a(CyLib.o)
 .text.CySysSetFlashAccessArbPriority
                0x00000000       0x20 .\CortexM0\ARM_GCC_541\Debug\PioneerLSeries.a(CyLib.o)
 .text.CySysSetDmacAccessArbPriority
                0x00000000       0x20 .\CortexM0\ARM_GCC_541\Debug\PioneerLSeries.a(CyLib.o)
 .text.CySysSetPeripheralAccessArbPriority
                0x00000000       0x68 .\CortexM0\ARM_GCC_541\Debug\PioneerLSeries.a(CyLib.o)
 .text          0x00000000        0x0 .\CortexM0\ARM_GCC_541\Debug\PioneerLSeries.a(CyLFClk.o)
 .text.CySysClkIloEnabled
                0x00000000       0x14 .\CortexM0\ARM_GCC_541\Debug\PioneerLSeries.a(CyLFClk.o)
 .text.CySysClkGetLfclkSource
                0x00000000       0x10 .\CortexM0\ARM_GCC_541\Debug\PioneerLSeries.a(CyLFClk.o)
 .text.CySysClkIloStart
                0x00000000       0x14 .\CortexM0\ARM_GCC_541\Debug\PioneerLSeries.a(CyLFClk.o)
 .text.CySysClkIloStartMeasurement
                0x00000000       0x5c .\CortexM0\ARM_GCC_541\Debug\PioneerLSeries.a(CyLFClk.o)
 .text.CySysClkIloStopMeasurement
                0x00000000       0x14 .\CortexM0\ARM_GCC_541\Debug\PioneerLSeries.a(CyLFClk.o)
 .text.CySysClkIloCompensate
                0x00000000      0x104 .\CortexM0\ARM_GCC_541\Debug\PioneerLSeries.a(CyLFClk.o)
 .text.CySysClkIloUpdateTrimReg
                0x00000000       0xa8 .\CortexM0\ARM_GCC_541\Debug\PioneerLSeries.a(CyLFClk.o)
 .text.CySysClkIloTrim
                0x00000000       0xd8 .\CortexM0\ARM_GCC_541\Debug\PioneerLSeries.a(CyLFClk.o)
 .text.CySysClkIloRestoreFactoryTrim
                0x00000000       0x30 .\CortexM0\ARM_GCC_541\Debug\PioneerLSeries.a(CyLFClk.o)
 .text.CySysClkWcoStart
                0x00000000       0x40 .\CortexM0\ARM_GCC_541\Debug\PioneerLSeries.a(CyLFClk.o)
 .text.CySysClkWcoSetPowerMode
                0x00000000       0x4c .\CortexM0\ARM_GCC_541\Debug\PioneerLSeries.a(CyLFClk.o)
 .text.CySysClkWcoClockOutSelect
                0x00000000       0x2c .\CortexM0\ARM_GCC_541\Debug\PioneerLSeries.a(CyLFClk.o)
 .text.CySysWdtGetEnabledStatus
                0x00000000       0x24 .\CortexM0\ARM_GCC_541\Debug\PioneerLSeries.a(CyLFClk.o)
 .text.CySysWdtSetMode
                0x00000000       0x38 .\CortexM0\ARM_GCC_541\Debug\PioneerLSeries.a(CyLFClk.o)
 .text.CySysClkLfclkPosedgeRestore
                0x00000000       0x2c .\CortexM0\ARM_GCC_541\Debug\PioneerLSeries.a(CyLFClk.o)
 .text.CySysWdtGetMode
                0x00000000       0x14 .\CortexM0\ARM_GCC_541\Debug\PioneerLSeries.a(CyLFClk.o)
 .text.CySysWdtSetClearOnMatch
                0x00000000       0x34 .\CortexM0\ARM_GCC_541\Debug\PioneerLSeries.a(CyLFClk.o)
 .text.CySysWdtGetClearOnMatch
                0x00000000       0x24 .\CortexM0\ARM_GCC_541\Debug\PioneerLSeries.a(CyLFClk.o)
 .text.CySysWdtEnable
                0x00000000       0x3c .\CortexM0\ARM_GCC_541\Debug\PioneerLSeries.a(CyLFClk.o)
 .text.CySysWdtDisable
                0x00000000       0x44 .\CortexM0\ARM_GCC_541\Debug\PioneerLSeries.a(CyLFClk.o)
 .text.CySysWdtSetCascade
                0x00000000       0x34 .\CortexM0\ARM_GCC_541\Debug\PioneerLSeries.a(CyLFClk.o)
 .text.CySysWdtGetCascade
                0x00000000       0x14 .\CortexM0\ARM_GCC_541\Debug\PioneerLSeries.a(CyLFClk.o)
 .text.CySysWdtSetMatch
                0x00000000       0x54 .\CortexM0\ARM_GCC_541\Debug\PioneerLSeries.a(CyLFClk.o)
 .text.CySysWdtSetToggleBit
                0x00000000       0x30 .\CortexM0\ARM_GCC_541\Debug\PioneerLSeries.a(CyLFClk.o)
 .text.CySysWdtGetToggleBit
                0x00000000       0x10 .\CortexM0\ARM_GCC_541\Debug\PioneerLSeries.a(CyLFClk.o)
 .text.CySysWdtGetMatch
                0x00000000       0x20 .\CortexM0\ARM_GCC_541\Debug\PioneerLSeries.a(CyLFClk.o)
 .text.CySysWdtGetCount
                0x00000000       0x3c .\CortexM0\ARM_GCC_541\Debug\PioneerLSeries.a(CyLFClk.o)
 .text.CySysClkLfclkPosedgeCatch
                0x00000000       0x74 .\CortexM0\ARM_GCC_541\Debug\PioneerLSeries.a(CyLFClk.o)
 .text.CySysClkIloStop
                0x00000000       0x4c .\CortexM0\ARM_GCC_541\Debug\PioneerLSeries.a(CyLFClk.o)
 .text.CySysClkSetLfclkSource
                0x00000000       0x38 .\CortexM0\ARM_GCC_541\Debug\PioneerLSeries.a(CyLFClk.o)
 .text.CySysClkWcoStop
                0x00000000       0x48 .\CortexM0\ARM_GCC_541\Debug\PioneerLSeries.a(CyLFClk.o)
 .text.CySysWdtGetInterruptSource
                0x00000000       0x14 .\CortexM0\ARM_GCC_541\Debug\PioneerLSeries.a(CyLFClk.o)
 .text.CySysWdtResetCounters
                0x00000000       0x20 .\CortexM0\ARM_GCC_541\Debug\PioneerLSeries.a(CyLFClk.o)
 .text.CySysWdtSetInterruptCallback
                0x00000000       0x20 .\CortexM0\ARM_GCC_541\Debug\PioneerLSeries.a(CyLFClk.o)
 .text.CySysWdtGetInterruptCallback
                0x00000000       0x20 .\CortexM0\ARM_GCC_541\Debug\PioneerLSeries.a(CyLFClk.o)
 .text.CySysWdtEnableCounterIsr
                0x00000000       0x34 .\CortexM0\ARM_GCC_541\Debug\PioneerLSeries.a(CyLFClk.o)
 .text.CySysWdtDisableCounterIsr
                0x00000000       0x28 .\CortexM0\ARM_GCC_541\Debug\PioneerLSeries.a(CyLFClk.o)
 .text.CySysWatchdogFeed
                0x00000000       0x60 .\CortexM0\ARM_GCC_541\Debug\PioneerLSeries.a(CyLFClk.o)
 .text.CySysTimerDelayUntilMatch
                0x00000000       0x6c .\CortexM0\ARM_GCC_541\Debug\PioneerLSeries.a(CyLFClk.o)
 .text.CySysTimerDelay
                0x00000000       0x3c .\CortexM0\ARM_GCC_541\Debug\PioneerLSeries.a(CyLFClk.o)
 .rodata        0x00000000        0xc .\CortexM0\ARM_GCC_541\Debug\PioneerLSeries.a(CyLFClk.o)
 .text          0x00000000        0x0 .\CortexM0\ARM_GCC_541\Debug\PioneerLSeries.a(ADC.o)
 .data          0x00000000        0x0 .\CortexM0\ARM_GCC_541\Debug\PioneerLSeries.a(ADC.o)
 .text.ADC_Stop
                0x00000000       0x10 .\CortexM0\ARM_GCC_541\Debug\PioneerLSeries.a(ADC.o)
 .text.ADC_StartConvert
                0x00000000       0x14 .\CortexM0\ARM_GCC_541\Debug\PioneerLSeries.a(ADC.o)
 .text.ADC_StopConvert
                0x00000000       0x14 .\CortexM0\ARM_GCC_541\Debug\PioneerLSeries.a(ADC.o)
 .text.ADC_IsEndConversion
                0x00000000       0x28 .\CortexM0\ARM_GCC_541\Debug\PioneerLSeries.a(ADC.o)
 .text.ADC_SetChanMask
                0x00000000       0x10 .\CortexM0\ARM_GCC_541\Debug\PioneerLSeries.a(ADC.o)
 .text.ADC_SetLowLimit
                0x00000000       0x1c .\CortexM0\ARM_GCC_541\Debug\PioneerLSeries.a(ADC.o)
 .text.ADC_SetHighLimit
                0x00000000       0x18 .\CortexM0\ARM_GCC_541\Debug\PioneerLSeries.a(ADC.o)
 .text.ADC_SetLimitMask
                0x00000000       0x10 .\CortexM0\ARM_GCC_541\Debug\PioneerLSeries.a(ADC.o)
 .text.ADC_SetSatMask
                0x00000000       0x10 .\CortexM0\ARM_GCC_541\Debug\PioneerLSeries.a(ADC.o)
 .text.ADC_SetOffset
                0x00000000       0x1c .\CortexM0\ARM_GCC_541\Debug\PioneerLSeries.a(ADC.o)
 .text.ADC_SetGain
                0x00000000       0x1c .\CortexM0\ARM_GCC_541\Debug\PioneerLSeries.a(ADC.o)
 .text.ADC_CountsTo_mVolts
                0x00000000       0x5c .\CortexM0\ARM_GCC_541\Debug\PioneerLSeries.a(ADC.o)
 .text.ADC_CountsTo_uVolts
                0x00000000       0x40 .\CortexM0\ARM_GCC_541\Debug\PioneerLSeries.a(ADC.o)
 .text.ADC_CountsTo_Volts
                0x00000000       0x48 .\CortexM0\ARM_GCC_541\Debug\PioneerLSeries.a(ADC.o)
 .text          0x00000000        0x0 .\CortexM0\ARM_GCC_541\Debug\PioneerLSeries.a(ADC_INT.o)
 .data          0x00000000        0x0 .\CortexM0\ARM_GCC_541\Debug\PioneerLSeries.a(ADC_INT.o)
 .bss           0x00000000        0x0 .\CortexM0\ARM_GCC_541\Debug\PioneerLSeries.a(ADC_INT.o)
 .text          0x00000000        0x0 .\CortexM0\ARM_GCC_541\Debug\PioneerLSeries.a(LCD.o)
 .data          0x00000000        0x0 .\CortexM0\ARM_GCC_541\Debug\PioneerLSeries.a(LCD.o)
 .text.LCD_PutChar
                0x00000000        0x8 .\CortexM0\ARM_GCC_541\Debug\PioneerLSeries.a(LCD.o)
 .text.LCD_Stop
                0x00000000       0x14 .\CortexM0\ARM_GCC_541\Debug\PioneerLSeries.a(LCD.o)
 .text.LCD_PrintInt8
                0x00000000       0x20 .\CortexM0\ARM_GCC_541\Debug\PioneerLSeries.a(LCD.o)
 .text.LCD_PrintInt16
                0x00000000       0x14 .\CortexM0\ARM_GCC_541\Debug\PioneerLSeries.a(LCD.o)
 .text.LCD_PrintInt32
                0x00000000       0x1c .\CortexM0\ARM_GCC_541\Debug\PioneerLSeries.a(LCD.o)
 .rodata        0x00000000       0x10 .\CortexM0\ARM_GCC_541\Debug\PioneerLSeries.a(LCD.o)
 .data          0x00000000        0x0 .\CortexM0\ARM_GCC_541\Debug\PioneerLSeries.a(CyBootAsmGnu.o)
 .bss           0x00000000        0x0 .\CortexM0\ARM_GCC_541\Debug\PioneerLSeries.a(CyBootAsmGnu.o)
 .text          0x00000000        0x0 .\CortexM0\ARM_GCC_541\Debug\PioneerLSeries.a(CyFlash.o)
 .data          0x00000000        0x0 .\CortexM0\ARM_GCC_541\Debug\PioneerLSeries.a(CyFlash.o)
 .bss           0x00000000        0x0 .\CortexM0\ARM_GCC_541\Debug\PioneerLSeries.a(CyFlash.o)
 .text.CySysFlashClockBackup
                0x00000000        0x4 .\CortexM0\ARM_GCC_541\Debug\PioneerLSeries.a(CyFlash.o)
 .text.CySysFlashClockRestore
                0x00000000        0x4 .\CortexM0\ARM_GCC_541\Debug\PioneerLSeries.a(CyFlash.o)
 .text.CySysFlashWriteRow
                0x00000000      0x128 .\CortexM0\ARM_GCC_541\Debug\PioneerLSeries.a(CyFlash.o)
 .text.CySysSFlashWriteUserRow
                0x00000000      0x110 .\CortexM0\ARM_GCC_541\Debug\PioneerLSeries.a(CyFlash.o)
 .data          0x00000000        0x0 e:/program files (x86)/cypress/psoc creator/4.2/psoc creator/import/gnu/arm/5.4.1/bin/../lib/gcc/arm-none-eabi/5.4.1/armv6-m\libgcc.a(_udivsi3.o)
 .bss           0x00000000        0x0 e:/program files (x86)/cypress/psoc creator/4.2/psoc creator/import/gnu/arm/5.4.1/bin/../lib/gcc/arm-none-eabi/5.4.1/armv6-m\libgcc.a(_udivsi3.o)
 .data          0x00000000        0x0 e:/program files (x86)/cypress/psoc creator/4.2/psoc creator/import/gnu/arm/5.4.1/bin/../lib/gcc/arm-none-eabi/5.4.1/armv6-m\libgcc.a(_divsi3.o)
 .bss           0x00000000        0x0 e:/program files (x86)/cypress/psoc creator/4.2/psoc creator/import/gnu/arm/5.4.1/bin/../lib/gcc/arm-none-eabi/5.4.1/armv6-m\libgcc.a(_divsi3.o)
 .data          0x00000000        0x0 e:/program files (x86)/cypress/psoc creator/4.2/psoc creator/import/gnu/arm/5.4.1/bin/../lib/gcc/arm-none-eabi/5.4.1/armv6-m\libgcc.a(_dvmd_tls.o)
 .bss           0x00000000        0x0 e:/program files (x86)/cypress/psoc creator/4.2/psoc creator/import/gnu/arm/5.4.1/bin/../lib/gcc/arm-none-eabi/5.4.1/armv6-m\libgcc.a(_dvmd_tls.o)
 .text          0x00000000       0x48 e:/program files (x86)/cypress/psoc creator/4.2/psoc creator/import/gnu/arm/5.4.1/bin/../lib/gcc/arm-none-eabi/5.4.1/armv6-m\libgcc.a(_aeabi_ldivmod.o)
 .data          0x00000000        0x0 e:/program files (x86)/cypress/psoc creator/4.2/psoc creator/import/gnu/arm/5.4.1/bin/../lib/gcc/arm-none-eabi/5.4.1/armv6-m\libgcc.a(_aeabi_ldivmod.o)
 .bss           0x00000000        0x0 e:/program files (x86)/cypress/psoc creator/4.2/psoc creator/import/gnu/arm/5.4.1/bin/../lib/gcc/arm-none-eabi/5.4.1/armv6-m\libgcc.a(_aeabi_ldivmod.o)
 .text          0x00000000       0x58 e:/program files (x86)/cypress/psoc creator/4.2/psoc creator/import/gnu/arm/5.4.1/bin/../lib/gcc/arm-none-eabi/5.4.1/armv6-m\libgcc.a(_muldi3.o)
 .data          0x00000000        0x0 e:/program files (x86)/cypress/psoc creator/4.2/psoc creator/import/gnu/arm/5.4.1/bin/../lib/gcc/arm-none-eabi/5.4.1/armv6-m\libgcc.a(_muldi3.o)
 .bss           0x00000000        0x0 e:/program files (x86)/cypress/psoc creator/4.2/psoc creator/import/gnu/arm/5.4.1/bin/../lib/gcc/arm-none-eabi/5.4.1/armv6-m\libgcc.a(_muldi3.o)
 .text          0x00000000       0x38 e:/program files (x86)/cypress/psoc creator/4.2/psoc creator/import/gnu/arm/5.4.1/bin/../lib/gcc/arm-none-eabi/5.4.1/armv6-m\libgcc.a(bpabi.o)
 .data          0x00000000        0x0 e:/program files (x86)/cypress/psoc creator/4.2/psoc creator/import/gnu/arm/5.4.1/bin/../lib/gcc/arm-none-eabi/5.4.1/armv6-m\libgcc.a(bpabi.o)
 .bss           0x00000000        0x0 e:/program files (x86)/cypress/psoc creator/4.2/psoc creator/import/gnu/arm/5.4.1/bin/../lib/gcc/arm-none-eabi/5.4.1/armv6-m\libgcc.a(bpabi.o)
 .text          0x00000000      0x234 e:/program files (x86)/cypress/psoc creator/4.2/psoc creator/import/gnu/arm/5.4.1/bin/../lib/gcc/arm-none-eabi/5.4.1/armv6-m\libgcc.a(divsf3.o)
 .data          0x00000000        0x0 e:/program files (x86)/cypress/psoc creator/4.2/psoc creator/import/gnu/arm/5.4.1/bin/../lib/gcc/arm-none-eabi/5.4.1/armv6-m\libgcc.a(divsf3.o)
 .bss           0x00000000        0x0 e:/program files (x86)/cypress/psoc creator/4.2/psoc creator/import/gnu/arm/5.4.1/bin/../lib/gcc/arm-none-eabi/5.4.1/armv6-m\libgcc.a(divsf3.o)
 .rodata        0x00000000       0x80 e:/program files (x86)/cypress/psoc creator/4.2/psoc creator/import/gnu/arm/5.4.1/bin/../lib/gcc/arm-none-eabi/5.4.1/armv6-m\libgcc.a(divsf3.o)
 .text          0x00000000      0x228 e:/program files (x86)/cypress/psoc creator/4.2/psoc creator/import/gnu/arm/5.4.1/bin/../lib/gcc/arm-none-eabi/5.4.1/armv6-m\libgcc.a(mulsf3.o)
 .data          0x00000000        0x0 e:/program files (x86)/cypress/psoc creator/4.2/psoc creator/import/gnu/arm/5.4.1/bin/../lib/gcc/arm-none-eabi/5.4.1/armv6-m\libgcc.a(mulsf3.o)
 .bss           0x00000000        0x0 e:/program files (x86)/cypress/psoc creator/4.2/psoc creator/import/gnu/arm/5.4.1/bin/../lib/gcc/arm-none-eabi/5.4.1/armv6-m\libgcc.a(mulsf3.o)
 .rodata        0x00000000       0x40 e:/program files (x86)/cypress/psoc creator/4.2/psoc creator/import/gnu/arm/5.4.1/bin/../lib/gcc/arm-none-eabi/5.4.1/armv6-m\libgcc.a(mulsf3.o)
 .text          0x00000000       0x90 e:/program files (x86)/cypress/psoc creator/4.2/psoc creator/import/gnu/arm/5.4.1/bin/../lib/gcc/arm-none-eabi/5.4.1/armv6-m\libgcc.a(floatsisf.o)
 .data          0x00000000        0x0 e:/program files (x86)/cypress/psoc creator/4.2/psoc creator/import/gnu/arm/5.4.1/bin/../lib/gcc/arm-none-eabi/5.4.1/armv6-m\libgcc.a(floatsisf.o)
 .bss           0x00000000        0x0 e:/program files (x86)/cypress/psoc creator/4.2/psoc creator/import/gnu/arm/5.4.1/bin/../lib/gcc/arm-none-eabi/5.4.1/armv6-m\libgcc.a(floatsisf.o)
 .text          0x00000000       0x3c e:/program files (x86)/cypress/psoc creator/4.2/psoc creator/import/gnu/arm/5.4.1/bin/../lib/gcc/arm-none-eabi/5.4.1/armv6-m\libgcc.a(_clzsi2.o)
 .data          0x00000000        0x0 e:/program files (x86)/cypress/psoc creator/4.2/psoc creator/import/gnu/arm/5.4.1/bin/../lib/gcc/arm-none-eabi/5.4.1/armv6-m\libgcc.a(_clzsi2.o)
 .bss           0x00000000        0x0 e:/program files (x86)/cypress/psoc creator/4.2/psoc creator/import/gnu/arm/5.4.1/bin/../lib/gcc/arm-none-eabi/5.4.1/armv6-m\libgcc.a(_clzsi2.o)
 .text          0x00000000      0x1bc e:/program files (x86)/cypress/psoc creator/4.2/psoc creator/import/gnu/arm/5.4.1/bin/../lib/gcc/arm-none-eabi/5.4.1/armv6-m\libgcc.a(_divdi3.o)
 .data          0x00000000        0x0 e:/program files (x86)/cypress/psoc creator/4.2/psoc creator/import/gnu/arm/5.4.1/bin/../lib/gcc/arm-none-eabi/5.4.1/armv6-m\libgcc.a(_divdi3.o)
 .bss           0x00000000        0x0 e:/program files (x86)/cypress/psoc creator/4.2/psoc creator/import/gnu/arm/5.4.1/bin/../lib/gcc/arm-none-eabi/5.4.1/armv6-m\libgcc.a(_divdi3.o)
 .ARM.extab     0x00000000        0x0 e:/program files (x86)/cypress/psoc creator/4.2/psoc creator/import/gnu/arm/5.4.1/bin/../lib/gcc/arm-none-eabi/5.4.1/armv6-m\libgcc.a(_divdi3.o)
 .ARM.exidx     0x00000000        0x8 e:/program files (x86)/cypress/psoc creator/4.2/psoc creator/import/gnu/arm/5.4.1/bin/../lib/gcc/arm-none-eabi/5.4.1/armv6-m\libgcc.a(_divdi3.o)
 .text          0x00000000       0x18 e:/program files (x86)/cypress/psoc creator/4.2/psoc creator/import/gnu/arm/5.4.1/bin/../lib/gcc/arm-none-eabi/5.4.1/armv6-m\libgcc.a(_clzdi2.o)
 .data          0x00000000        0x0 e:/program files (x86)/cypress/psoc creator/4.2/psoc creator/import/gnu/arm/5.4.1/bin/../lib/gcc/arm-none-eabi/5.4.1/armv6-m\libgcc.a(_clzdi2.o)
 .bss           0x00000000        0x0 e:/program files (x86)/cypress/psoc creator/4.2/psoc creator/import/gnu/arm/5.4.1/bin/../lib/gcc/arm-none-eabi/5.4.1/armv6-m\libgcc.a(_clzdi2.o)
 .text          0x00000000        0x0 e:/program files (x86)/cypress/psoc creator/4.2/psoc creator/import/gnu/arm/5.4.1/bin/../lib/gcc/arm-none-eabi/5.4.1/../../../../arm-none-eabi/lib/armv6-m\libg_nano.a(lib_a-errno.o)
 .data          0x00000000        0x0 e:/program files (x86)/cypress/psoc creator/4.2/psoc creator/import/gnu/arm/5.4.1/bin/../lib/gcc/arm-none-eabi/5.4.1/../../../../arm-none-eabi/lib/armv6-m\libg_nano.a(lib_a-errno.o)
 .bss           0x00000000        0x0 e:/program files (x86)/cypress/psoc creator/4.2/psoc creator/import/gnu/arm/5.4.1/bin/../lib/gcc/arm-none-eabi/5.4.1/../../../../arm-none-eabi/lib/armv6-m\libg_nano.a(lib_a-errno.o)
 .text          0x00000000        0x0 e:/program files (x86)/cypress/psoc creator/4.2/psoc creator/import/gnu/arm/5.4.1/bin/../lib/gcc/arm-none-eabi/5.4.1/../../../../arm-none-eabi/lib/armv6-m\libg_nano.a(lib_a-exit.o)
 .data          0x00000000        0x0 e:/program files (x86)/cypress/psoc creator/4.2/psoc creator/import/gnu/arm/5.4.1/bin/../lib/gcc/arm-none-eabi/5.4.1/../../../../arm-none-eabi/lib/armv6-m\libg_nano.a(lib_a-exit.o)
 .bss           0x00000000        0x0 e:/program files (x86)/cypress/psoc creator/4.2/psoc creator/import/gnu/arm/5.4.1/bin/../lib/gcc/arm-none-eabi/5.4.1/../../../../arm-none-eabi/lib/armv6-m\libg_nano.a(lib_a-exit.o)
 .text.exit     0x00000000       0x2c e:/program files (x86)/cypress/psoc creator/4.2/psoc creator/import/gnu/arm/5.4.1/bin/../lib/gcc/arm-none-eabi/5.4.1/../../../../arm-none-eabi/lib/armv6-m\libg_nano.a(lib_a-exit.o)
 .text          0x00000000        0x0 e:/program files (x86)/cypress/psoc creator/4.2/psoc creator/import/gnu/arm/5.4.1/bin/../lib/gcc/arm-none-eabi/5.4.1/../../../../arm-none-eabi/lib/armv6-m\libg_nano.a(lib_a-impure.o)
 .data          0x00000000        0x0 e:/program files (x86)/cypress/psoc creator/4.2/psoc creator/import/gnu/arm/5.4.1/bin/../lib/gcc/arm-none-eabi/5.4.1/../../../../arm-none-eabi/lib/armv6-m\libg_nano.a(lib_a-impure.o)
 .bss           0x00000000        0x0 e:/program files (x86)/cypress/psoc creator/4.2/psoc creator/import/gnu/arm/5.4.1/bin/../lib/gcc/arm-none-eabi/5.4.1/../../../../arm-none-eabi/lib/armv6-m\libg_nano.a(lib_a-impure.o)
 .rodata._global_impure_ptr
                0x00000000        0x4 e:/program files (x86)/cypress/psoc creator/4.2/psoc creator/import/gnu/arm/5.4.1/bin/../lib/gcc/arm-none-eabi/5.4.1/../../../../arm-none-eabi/lib/armv6-m\libg_nano.a(lib_a-impure.o)
 .text          0x00000000        0x0 e:/program files (x86)/cypress/psoc creator/4.2/psoc creator/import/gnu/arm/5.4.1/bin/../lib/gcc/arm-none-eabi/5.4.1/../../../../arm-none-eabi/lib/armv6-m\libg_nano.a(lib_a-init.o)
 .data          0x00000000        0x0 e:/program files (x86)/cypress/psoc creator/4.2/psoc creator/import/gnu/arm/5.4.1/bin/../lib/gcc/arm-none-eabi/5.4.1/../../../../arm-none-eabi/lib/armv6-m\libg_nano.a(lib_a-init.o)
 .bss           0x00000000        0x0 e:/program files (x86)/cypress/psoc creator/4.2/psoc creator/import/gnu/arm/5.4.1/bin/../lib/gcc/arm-none-eabi/5.4.1/../../../../arm-none-eabi/lib/armv6-m\libg_nano.a(lib_a-init.o)
 .text          0x00000000        0x0 e:/program files (x86)/cypress/psoc creator/4.2/psoc creator/import/gnu/arm/5.4.1/bin/../lib/gcc/arm-none-eabi/5.4.1/../../../../arm-none-eabi/lib/armv6-m\libg_nano.a(lib_a-memcpy-stub.o)
 .data          0x00000000        0x0 e:/program files (x86)/cypress/psoc creator/4.2/psoc creator/import/gnu/arm/5.4.1/bin/../lib/gcc/arm-none-eabi/5.4.1/../../../../arm-none-eabi/lib/armv6-m\libg_nano.a(lib_a-memcpy-stub.o)
 .bss           0x00000000        0x0 e:/program files (x86)/cypress/psoc creator/4.2/psoc creator/import/gnu/arm/5.4.1/bin/../lib/gcc/arm-none-eabi/5.4.1/../../../../arm-none-eabi/lib/armv6-m\libg_nano.a(lib_a-memcpy-stub.o)
 .text.memcpy   0x00000000       0x12 e:/program files (x86)/cypress/psoc creator/4.2/psoc creator/import/gnu/arm/5.4.1/bin/../lib/gcc/arm-none-eabi/5.4.1/../../../../arm-none-eabi/lib/armv6-m\libg_nano.a(lib_a-memcpy-stub.o)
 .text          0x00000000        0x0 e:/program files (x86)/cypress/psoc creator/4.2/psoc creator/import/gnu/arm/5.4.1/bin/../lib/gcc/arm-none-eabi/5.4.1/../../../../arm-none-eabi/lib/armv6-m\libg_nano.a(lib_a-memset.o)
 .data          0x00000000        0x0 e:/program files (x86)/cypress/psoc creator/4.2/psoc creator/import/gnu/arm/5.4.1/bin/../lib/gcc/arm-none-eabi/5.4.1/../../../../arm-none-eabi/lib/armv6-m\libg_nano.a(lib_a-memset.o)
 .bss           0x00000000        0x0 e:/program files (x86)/cypress/psoc creator/4.2/psoc creator/import/gnu/arm/5.4.1/bin/../lib/gcc/arm-none-eabi/5.4.1/../../../../arm-none-eabi/lib/armv6-m\libg_nano.a(lib_a-memset.o)
 .text          0x00000000        0x0 e:/program files (x86)/cypress/psoc creator/4.2/psoc creator/import/gnu/arm/5.4.1/bin/../lib/gcc/arm-none-eabi/5.4.1/armv6-m/crtend.o
 .data          0x00000000        0x0 e:/program files (x86)/cypress/psoc creator/4.2/psoc creator/import/gnu/arm/5.4.1/bin/../lib/gcc/arm-none-eabi/5.4.1/armv6-m/crtend.o
 .bss           0x00000000        0x0 e:/program files (x86)/cypress/psoc creator/4.2/psoc creator/import/gnu/arm/5.4.1/bin/../lib/gcc/arm-none-eabi/5.4.1/armv6-m/crtend.o
 .text          0x00000000        0x0 e:/program files (x86)/cypress/psoc creator/4.2/psoc creator/import/gnu/arm/5.4.1/bin/../lib/gcc/arm-none-eabi/5.4.1/armv6-m/crtn.o
 .data          0x00000000        0x0 e:/program files (x86)/cypress/psoc creator/4.2/psoc creator/import/gnu/arm/5.4.1/bin/../lib/gcc/arm-none-eabi/5.4.1/armv6-m/crtn.o
 .bss           0x00000000        0x0 e:/program files (x86)/cypress/psoc creator/4.2/psoc creator/import/gnu/arm/5.4.1/bin/../lib/gcc/arm-none-eabi/5.4.1/armv6-m/crtn.o

Memory Configuration

Name             Origin             Length             Attributes
rom              0x00000000         0x00040000         xr
ram              0x20000000         0x00008000         xrw
*default*        0x00000000         0xffffffff

Linker script and memory map

LOAD e:/program files (x86)/cypress/psoc creator/4.2/psoc creator/import/gnu/arm/5.4.1/bin/../lib/gcc/arm-none-eabi/5.4.1/armv6-m/crti.o
LOAD e:/program files (x86)/cypress/psoc creator/4.2/psoc creator/import/gnu/arm/5.4.1/bin/../lib/gcc/arm-none-eabi/5.4.1/armv6-m/crtbegin.o
LOAD e:/program files (x86)/cypress/psoc creator/4.2/psoc creator/import/gnu/arm/5.4.1/bin/../lib/gcc/arm-none-eabi/5.4.1/../../../../arm-none-eabi/lib/armv6-m/crt0.o
START GROUP
LOAD .\CortexM0\ARM_GCC_541\Debug\main.o
LOAD .\CortexM0\ARM_GCC_541\Debug\pots.o
LOAD .\CortexM0\ARM_GCC_541\Debug\scheduler.o
LOAD .\CortexM0\ARM_GCC_541\Debug\display.o
LOAD .\CortexM0\ARM_GCC_541\Debug\cyfitter_cfg.o
LOAD .\CortexM0\ARM_GCC_541\Debug\cymetadata.o
LOAD .\CortexM0\ARM_GCC_541\Debug\Cm0Start.o
LOAD .\CortexM0\ARM_GCC_541\Debug\PioneerLSeries.a
END GROUP
START GROUP
LOAD e:/program files (x86)/cypress/psoc creator/4.2/psoc creator/import/gnu/arm/5.4.1/bin/../lib/gcc/arm-none-eabi/5.4.1/armv6-m\libgcc.a
LOAD e:/program files (x86)/cypress/psoc creator/4.2/psoc creator/import/gnu/arm/5.4.1/bin/../lib/gcc/arm-none-eabi/5.4.1/../../../../arm-none-eabi/lib/armv6-m\libg_nano.a
LOAD e:/program files (x86)/cypress/psoc creator/4.2/psoc creator/import/gnu/arm/5.4.1/bin/../lib/gcc/arm-none-eabi/5.4.1/../../../../arm-none-eabi/lib/armv6-m\libc_nano.a
END GROUP
START GROUP
LOAD e:/program files (x86)/cypress/psoc creator/4.2/psoc creator/import/gnu/arm/5.4.1/bin/../lib/gcc/arm-none-eabi/5.4.1/armv6-m\libgcc.a
LOAD e:/program files (x86)/cypress/psoc creator/4.2/psoc creator/import/gnu/arm/5.4.1/bin/../lib/gcc/arm-none-eabi/5.4.1/../../../../arm-none-eabi/lib/armv6-m\libc_nano.a
END GROUP
LOAD e:/program files (x86)/cypress/psoc creator/4.2/psoc creator/import/gnu/arm/5.4.1/bin/../lib/gcc/arm-none-eabi/5.4.1/armv6-m/crtend.o
LOAD e:/program files (x86)/cypress/psoc creator/4.2/psoc creator/import/gnu/arm/5.4.1/bin/../lib/gcc/arm-none-eabi/5.4.1/armv6-m/crtn.o
START GROUP
LOAD e:/program files (x86)/cypress/psoc creator/4.2/psoc creator/import/gnu/arm/5.4.1/bin/../lib/gcc/arm-none-eabi/5.4.1/armv6-m\libgcc.a
LOAD e:/program files (x86)/cypress/psoc creator/4.2/psoc creator/import/gnu/arm/5.4.1/bin/../lib/gcc/arm-none-eabi/5.4.1/../../../../arm-none-eabi/lib/armv6-m\libc.a
LOAD e:/program files (x86)/cypress/psoc creator/4.2/psoc creator/import/gnu/arm/5.4.1/bin/../lib/gcc/arm-none-eabi/5.4.1/../../../../arm-none-eabi/lib/armv6-m\libnosys.a
END GROUP
                0x00000000                CY_APPL_ORIGIN = 0x0
                0x00000100                CY_FLASH_ROW_SIZE = 0x100
                0x00000001                CY_APPL_NUM = 0x1
                0x00000001                CY_APPL_MAX = 0x1
                0x00000040                CY_METADATA_SIZE = 0x40
                0x00000000                CY_APPL_LOADABLE = 0x0
                0x00000000                CY_CHECKSUM_EXCLUDE_SIZE = ALIGN (0x0, CY_FLASH_ROW_SIZE)
                0x00000000                CY_APP_FOR_STACK_AND_COPIER = 0x0
                [!provide]                PROVIDE (__cy_heap_start, _end)
                0x00000001                PROVIDE (__cy_region_num, ((__cy_regions_end - __cy_regions) / 0x10))
                0x20008000                PROVIDE (__cy_stack, (ORIGIN (ram) + LENGTH (ram)))
                [!provide]                PROVIDE (__cy_heap_end, (__cy_stack - 0x800))

.cybootloader   0x00000000        0x0
 *(.cybootloader)
                0x00000000                appl1_start = CY_APPL_ORIGIN?CY_APPL_ORIGIN:ALIGN (CY_FLASH_ROW_SIZE)
                0x0001ff00                appl2_start = (appl1_start + ALIGN ((((LENGTH (rom) - appl1_start) - (0x2 * CY_FLASH_ROW_SIZE)) / 0x2), CY_FLASH_ROW_SIZE))
                0x00000000                appl_start = (CY_APPL_NUM == 0x1)?appl1_start:appl2_start
                0x00000001                cy_project_type_bootloader = (appl_start == 0x0)?0x1:0x0
                0x00000000                cy_project_type_app_for_stack_and_copier = (CY_APP_FOR_STACK_AND_COPIER == 0x1)?0x1:0x0

.text           0x00000000     0x11c8
 CREATE_OBJECT_SYMBOLS
                0x00000000                PROVIDE (__cy_interrupt_vector, RomVectors)
 *(.romvectors)
 .romvectors    0x00000000       0x10 .\CortexM0\ARM_GCC_541\Debug\Cm0Start.o
                0x00000000                RomVectors
                0x00000001                ASSERT ((. != __cy_interrupt_vector), No interrupt vector)
                0x00000001                ASSERT (CY_APPL_ORIGIN?(SIZEOF (.cybootloader) <= CY_APPL_ORIGIN):0x1, Wrong image location)
                0x00000010                PROVIDE (__cy_reset, Reset)
 *(.text.Reset)
 .text.Reset    0x00000010        0x8 .\CortexM0\ARM_GCC_541\Debug\Cm0Start.o
                0x00000010                Reset
                0x00000001                ASSERT ((. != __cy_reset), No reset code)
 *(.psocinit)
 .psocinit      0x00000018      0x11c .\CortexM0\ARM_GCC_541\Debug\cyfitter_cfg.o
                0x00000094                cyfitter_cfg
                0x00000134                . = MAX (., 0x100)
 *(.text .text.* .gnu.linkonce.t.*)
 .text          0x00000134       0x60 e:/program files (x86)/cypress/psoc creator/4.2/psoc creator/import/gnu/arm/5.4.1/bin/../lib/gcc/arm-none-eabi/5.4.1/armv6-m/crtbegin.o
 .text.initMotor
                0x00000194        0x4 .\CortexM0\ARM_GCC_541\Debug\main.o
                0x00000194                initMotor
 .text.initDataStructs
                0x00000198       0x20 .\CortexM0\ARM_GCC_541\Debug\main.o
                0x00000198                initDataStructs
 .text.initTCBs
                0x000001b8       0x20 .\CortexM0\ARM_GCC_541\Debug\main.o
                0x000001b8                initTCBs
 .text.initialize
                0x000001d8       0x20 .\CortexM0\ARM_GCC_541\Debug\main.o
                0x000001d8                initialize
 .text.main     0x000001f8       0x30 .\CortexM0\ARM_GCC_541\Debug\main.o
                0x000001f8                main
 .text.readPot  0x00000228       0x1c .\CortexM0\ARM_GCC_541\Debug\pots.o
                0x00000228                readPot
 .text.executeTask
                0x00000244       0x24 .\CortexM0\ARM_GCC_541\Debug\scheduler.o
                0x00000244                executeTask
 .text.addTask  0x00000268       0x28 .\CortexM0\ARM_GCC_541\Debug\scheduler.o
                0x00000268                addTask
 .text.display  0x00000290       0x18 .\CortexM0\ARM_GCC_541\Debug\display.o
                0x00000290                display
 .text.CYMEMZERO
                0x000002a8        0xc .\CortexM0\ARM_GCC_541\Debug\cyfitter_cfg.o
 .text.SetAnalogRoutingPumps
                0x000002b4       0x20 .\CortexM0\ARM_GCC_541\Debug\cyfitter_cfg.o
                0x000002b4                SetAnalogRoutingPumps
 .text.AnalogSetDefault
                0x000002d4       0x44 .\CortexM0\ARM_GCC_541\Debug\cyfitter_cfg.o
 .text.IntDefaultHandler
                0x00000318       0x10 .\CortexM0\ARM_GCC_541\Debug\Cm0Start.o
                0x00000318                IntDefaultHandler
 .text.Start_c  0x00000328       0x48 .\CortexM0\ARM_GCC_541\Debug\Cm0Start.o
                0x00000328                Start_c
 .text.initialize_psoc
                0x00000370       0x4c .\CortexM0\ARM_GCC_541\Debug\Cm0Start.o
                0x00000370                initialize_psoc
 .text.CySysClkImoDisableWcoLock
                0x000003bc       0x14 .\CortexM0\ARM_GCC_541\Debug\PioneerLSeries.a(CyLib.o)
                0x000003bc                CySysClkImoDisableWcoLock
 .text.CySysClkImoGetWcoLock
                0x000003d0       0x14 .\CortexM0\ARM_GCC_541\Debug\PioneerLSeries.a(CyLib.o)
                0x000003d0                CySysClkImoGetWcoLock
 .text.CySysClkImoEnableUsbLock
                0x000003e4       0x3c .\CortexM0\ARM_GCC_541\Debug\PioneerLSeries.a(CyLib.o)
                0x000003e4                CySysClkImoEnableUsbLock
 .text.CySysClkImoDisableUsbLock
                0x00000420       0x28 .\CortexM0\ARM_GCC_541\Debug\PioneerLSeries.a(CyLib.o)
                0x00000420                CySysClkImoDisableUsbLock
 .text.CySysClkImoGetUsbLock
                0x00000448       0x14 .\CortexM0\ARM_GCC_541\Debug\PioneerLSeries.a(CyLib.o)
                0x00000448                CySysClkImoGetUsbLock
 .text.CyIntEnable
                0x0000045c       0x14 .\CortexM0\ARM_GCC_541\Debug\PioneerLSeries.a(CyLib.o)
                0x0000045c                CyIntEnable
 .text.CyHalt   0x00000470        0x4 .\CortexM0\ARM_GCC_541\Debug\PioneerLSeries.a(CyLib.o)
                0x00000470                CyHalt
 .text.CyIntSetVector
                0x00000474       0x24 .\CortexM0\ARM_GCC_541\Debug\PioneerLSeries.a(CyLib.o)
                0x00000474                CyIntSetVector
 .text.CyIntSetPriority
                0x00000498       0x4c .\CortexM0\ARM_GCC_541\Debug\PioneerLSeries.a(CyLib.o)
                0x00000498                CyIntSetPriority
 .text.CyDelay  0x000004e4       0x30 .\CortexM0\ARM_GCC_541\Debug\PioneerLSeries.a(CyLib.o)
                0x000004e4                CyDelay
 .text.CySysClkImoEnableWcoLock
                0x00000514       0xfc .\CortexM0\ARM_GCC_541\Debug\PioneerLSeries.a(CyLib.o)
                0x00000514                CySysClkImoEnableWcoLock
 .text.CyDelayUs
                0x00000610       0x14 .\CortexM0\ARM_GCC_541\Debug\PioneerLSeries.a(CyLib.o)
                0x00000610                CyDelayUs
 .text.CySysClkWriteImoFreq
                0x00000624      0x1e0 .\CortexM0\ARM_GCC_541\Debug\PioneerLSeries.a(CyLib.o)
                0x00000624                CySysClkWriteImoFreq
 .text.CySysWdtLocked
                0x00000804       0x14 .\CortexM0\ARM_GCC_541\Debug\PioneerLSeries.a(CyLFClk.o)
 .text.CySysClkWcoEnabled
                0x00000818       0x14 .\CortexM0\ARM_GCC_541\Debug\PioneerLSeries.a(CyLFClk.o)
                0x00000818                CySysClkWcoEnabled
 .text.CySysWdtLock
                0x0000082c       0x1c .\CortexM0\ARM_GCC_541\Debug\PioneerLSeries.a(CyLFClk.o)
                0x0000082c                CySysWdtLock
 .text.CySysWdtUnlock
                0x00000848       0x30 .\CortexM0\ARM_GCC_541\Debug\PioneerLSeries.a(CyLFClk.o)
                0x00000848                CySysWdtUnlock
 .text.CySysWdtClearInterrupt
                0x00000878       0x4c .\CortexM0\ARM_GCC_541\Debug\PioneerLSeries.a(CyLFClk.o)
                0x00000878                CySysWdtClearInterrupt
 .text.CySysWdtIsr
                0x000008c4       0xa4 .\CortexM0\ARM_GCC_541\Debug\PioneerLSeries.a(CyLFClk.o)
                0x000008c4                CySysWdtIsr
 .text.ADC_Init
                0x00000968      0x16c .\CortexM0\ARM_GCC_541\Debug\PioneerLSeries.a(ADC.o)
                0x00000968                ADC_Init
 .text.ADC_Enable
                0x00000ad4       0x30 .\CortexM0\ARM_GCC_541\Debug\PioneerLSeries.a(ADC.o)
                0x00000ad4                ADC_Enable
 .text.ADC_Start
                0x00000b04       0x20 .\CortexM0\ARM_GCC_541\Debug\PioneerLSeries.a(ADC.o)
                0x00000b04                ADC_Start
 .text.ADC_GetResult16
                0x00000b24       0x2c .\CortexM0\ARM_GCC_541\Debug\PioneerLSeries.a(ADC.o)
                0x00000b24                ADC_GetResult16
 .text.ADC_ISR  0x00000b50        0xc .\CortexM0\ARM_GCC_541\Debug\PioneerLSeries.a(ADC_INT.o)
                0x00000b50                ADC_ISR
 .text.LCD_WrCntrlNib
                0x00000b5c       0x34 .\CortexM0\ARM_GCC_541\Debug\PioneerLSeries.a(LCD.o)
 .text.LCD_WrDatNib
                0x00000b90       0x44 .\CortexM0\ARM_GCC_541\Debug\PioneerLSeries.a(LCD.o)
 .text.LCD_IsReady
                0x00000bd4       0xb4 .\CortexM0\ARM_GCC_541\Debug\PioneerLSeries.a(LCD.o)
                0x00000bd4                LCD_IsReady
 .text.LCD_WriteData
                0x00000c88       0x18 .\CortexM0\ARM_GCC_541\Debug\PioneerLSeries.a(LCD.o)
                0x00000c88                LCD_WriteData
 .text.LCD_PrintString
                0x00000ca0       0x1c .\CortexM0\ARM_GCC_541\Debug\PioneerLSeries.a(LCD.o)
                0x00000ca0                LCD_PrintString
 .text.LCD_WriteControl
                0x00000cbc       0x18 .\CortexM0\ARM_GCC_541\Debug\PioneerLSeries.a(LCD.o)
                0x00000cbc                LCD_WriteControl
 .text.LCD_Init
                0x00000cd4       0x6c .\CortexM0\ARM_GCC_541\Debug\PioneerLSeries.a(LCD.o)
                0x00000cd4                LCD_Init
 .text.LCD_Enable
                0x00000d40       0x14 .\CortexM0\ARM_GCC_541\Debug\PioneerLSeries.a(LCD.o)
                0x00000d40                LCD_Enable
 .text.LCD_Start
                0x00000d54       0x20 .\CortexM0\ARM_GCC_541\Debug\PioneerLSeries.a(LCD.o)
                0x00000d54                LCD_Start
 .text.LCD_Position
                0x00000d74       0x3c .\CortexM0\ARM_GCC_541\Debug\PioneerLSeries.a(LCD.o)
                0x00000d74                LCD_Position
 .text.LCD_PrintU32Number
                0x00000db0       0x4c .\CortexM0\ARM_GCC_541\Debug\PioneerLSeries.a(LCD.o)
                0x00000db0                LCD_PrintU32Number
 *fill*         0x00000dfc        0x4 
 .text          0x00000e00       0x20 .\CortexM0\ARM_GCC_541\Debug\PioneerLSeries.a(CyBootAsmGnu.o)
                0x00000e00                CyDelayCycles
                0x00000e12                CyEnterCriticalSection
                0x00000e1a                CyExitCriticalSection
 .text.CySysFlashSetWaitCycles
                0x00000e20       0x54 .\CortexM0\ARM_GCC_541\Debug\PioneerLSeries.a(CyFlash.o)
                0x00000e20                CySysFlashSetWaitCycles
 .text          0x00000e74      0x114 e:/program files (x86)/cypress/psoc creator/4.2/psoc creator/import/gnu/arm/5.4.1/bin/../lib/gcc/arm-none-eabi/5.4.1/armv6-m\libgcc.a(_udivsi3.o)
                0x00000e74                __aeabi_uidiv
                0x00000e74                __udivsi3
                0x00000f80                __aeabi_uidivmod
 .text          0x00000f88      0x1d4 e:/program files (x86)/cypress/psoc creator/4.2/psoc creator/import/gnu/arm/5.4.1/bin/../lib/gcc/arm-none-eabi/5.4.1/armv6-m\libgcc.a(_divsi3.o)
                0x00000f88                __divsi3
                0x00000f88                __aeabi_idiv
                0x00001154                __aeabi_idivmod
 .text          0x0000115c        0x4 e:/program files (x86)/cypress/psoc creator/4.2/psoc creator/import/gnu/arm/5.4.1/bin/../lib/gcc/arm-none-eabi/5.4.1/armv6-m\libgcc.a(_dvmd_tls.o)
                0x0000115c                __aeabi_idiv0
                0x0000115c                __aeabi_ldiv0
 .text.__errno  0x00001160        0xc e:/program files (x86)/cypress/psoc creator/4.2/psoc creator/import/gnu/arm/5.4.1/bin/../lib/gcc/arm-none-eabi/5.4.1/../../../../arm-none-eabi/lib/armv6-m\libg_nano.a(lib_a-errno.o)
                0x00001160                __errno
 .text.__libc_init_array
                0x0000116c       0x4c e:/program files (x86)/cypress/psoc creator/4.2/psoc creator/import/gnu/arm/5.4.1/bin/../lib/gcc/arm-none-eabi/5.4.1/../../../../arm-none-eabi/lib/armv6-m\libg_nano.a(lib_a-init.o)
                0x0000116c                __libc_init_array
 .text.memset   0x000011b8       0x10 e:/program files (x86)/cypress/psoc creator/4.2/psoc creator/import/gnu/arm/5.4.1/bin/../lib/gcc/arm-none-eabi/5.4.1/../../../../arm-none-eabi/lib/armv6-m\libg_nano.a(lib_a-memset.o)
                0x000011b8                memset
 *(.plt)
 *(.gnu.warning)
 *(.glue_7t)
 .glue_7t       0x000011c8        0x0 linker stubs
 *(.glue_7)
 .glue_7        0x000011c8        0x0 linker stubs
 *(.vfp11_veneer)
 .vfp11_veneer  0x000011c8        0x0 linker stubs
 *(.bootloader)
 *(.ARM.extab* .gnu.linkonce.armextab.*)
 *(.gcc_except_table)

.v4_bx          0x000011c8        0x0
 .v4_bx         0x000011c8        0x0 linker stubs

.iplt           0x000011c8        0x0
 .iplt          0x000011c8        0x0 e:/program files (x86)/cypress/psoc creator/4.2/psoc creator/import/gnu/arm/5.4.1/bin/../lib/gcc/arm-none-eabi/5.4.1/armv6-m/crtbegin.o

.eh_frame_hdr
 *(.eh_frame_hdr)

.eh_frame       0x000011c8        0x4
 *(.eh_frame)
 .eh_frame      0x000011c8        0x0 e:/program files (x86)/cypress/psoc creator/4.2/psoc creator/import/gnu/arm/5.4.1/bin/../lib/gcc/arm-none-eabi/5.4.1/armv6-m/crtbegin.o
 .eh_frame      0x000011c8        0x4 e:/program files (x86)/cypress/psoc creator/4.2/psoc creator/import/gnu/arm/5.4.1/bin/../lib/gcc/arm-none-eabi/5.4.1/armv6-m/crtend.o
                [!provide]                PROVIDE (__exidx_start, .)

.ARM.exidx
 *(.ARM.exidx* .gnu.linkonce.armexidx.*)
                0x000011cc                __exidx_end = .

.rodata         0x000011cc       0x9c
 *(.rodata .rodata.* .gnu.linkonce.r.*)
 .rodata        0x000011cc        0xc .\CortexM0\ARM_GCC_541\Debug\cyfitter_cfg.o
 .rodata        0x000011d8       0x47 .\CortexM0\ARM_GCC_541\Debug\PioneerLSeries.a(CyLib.o)
                0x000011d8                cyImoFreqMhz2Reg
                0x00001208                cyImoFreqMhz2DpllOffset
 *fill*         0x0000121f        0x1 
 .rodata        0x00001220        0xf .\CortexM0\ARM_GCC_541\Debug\PioneerLSeries.a(ADC.o)
 .rodata.str1.1
                0x0000122f        0x2 e:/program files (x86)/cypress/psoc creator/4.2/psoc creator/import/gnu/arm/5.4.1/bin/../lib/gcc/arm-none-eabi/5.4.1/../../../../arm-none-eabi/lib/armv6-m\libg_nano.a(lib_a-impure.o)
                0x00001234                . = ALIGN (0x4)
 *fill*         0x00001231        0x3 
 *(.init)
 .init          0x00001234        0x4 e:/program files (x86)/cypress/psoc creator/4.2/psoc creator/import/gnu/arm/5.4.1/bin/../lib/gcc/arm-none-eabi/5.4.1/armv6-m/crti.o
                0x00001234                _init
 .init          0x00001238        0x8 e:/program files (x86)/cypress/psoc creator/4.2/psoc creator/import/gnu/arm/5.4.1/bin/../lib/gcc/arm-none-eabi/5.4.1/armv6-m/crtn.o
                0x00001240                . = ALIGN (0x4)
                0x00001240                __preinit_array_start = .
 *(.preinit_array)
                0x00001240                __preinit_array_end = .
                0x00001240                . = ALIGN (0x4)
                0x00001240                __init_array_start = .
 *(SORT(.init_array.*))
 *(.init_array)
 .init_array    0x00001240        0x4 e:/program files (x86)/cypress/psoc creator/4.2/psoc creator/import/gnu/arm/5.4.1/bin/../lib/gcc/arm-none-eabi/5.4.1/armv6-m/crtbegin.o
 .init_array    0x00001244        0x4 .\CortexM0\ARM_GCC_541\Debug\Cm0Start.o
                0x00001248                __init_array_end = .
                0x00001248                . = ALIGN (0x4)
 *(.fini)
 .fini          0x00001248        0x4 e:/program files (x86)/cypress/psoc creator/4.2/psoc creator/import/gnu/arm/5.4.1/bin/../lib/gcc/arm-none-eabi/5.4.1/armv6-m/crti.o
                0x00001248                _fini
 .fini          0x0000124c        0x8 e:/program files (x86)/cypress/psoc creator/4.2/psoc creator/import/gnu/arm/5.4.1/bin/../lib/gcc/arm-none-eabi/5.4.1/armv6-m/crtn.o
                0x00001254                . = ALIGN (0x4)
                0x00001254                __fini_array_start = .
 *(.fini_array)
 .fini_array    0x00001254        0x4 e:/program files (x86)/cypress/psoc creator/4.2/psoc creator/import/gnu/arm/5.4.1/bin/../lib/gcc/arm-none-eabi/5.4.1/armv6-m/crtbegin.o
 *(SORT(.fini_array.*))
                0x00001258                __fini_array_end = .
                0x00001258                . = ALIGN (0x4)
 *crtbegin.o(.ctors)
 *(EXCLUDE_FILE(*crtend.o) .ctors)
 *(SORT(.ctors.*))
 *crtend.o(.ctors)
                0x00001258                . = ALIGN (0x4)
 *crtbegin.o(.dtors)
 *(EXCLUDE_FILE(*crtend.o) .dtors)
 *(SORT(.dtors.*))
 *crtend.o(.dtors)
                0x00001258                . = ALIGN (0x4)
                0x00001258                __cy_regions = .
                0x00001258        0x4 LONG 0x1268 __cy_region_init_ram
                0x0000125c        0x4 LONG 0x200000c0 __cy_region_start_data
                0x00001260        0x4 LONG 0x88 __cy_region_init_size_ram
                0x00001264        0x4 LONG 0xc8 __cy_region_zero_size_ram
                0x00001268                __cy_regions_end = .
                0x00001268                . = ALIGN (0x8)
                0x00001268                _etext = .

.cy_checksum_exclude
                0x00001268        0x0
 *(.cy_checksum_exclude)

.ramvectors     0x20000000       0xc0
                0x20000000                __cy_region_start_ram = .
 *(.ramvectors)
 .ramvectors    0x20000000       0xc0 .\CortexM0\ARM_GCC_541\Debug\Cm0Start.o
                0x20000000                CyRamVectors

.noinit
 *(.noinit)

.data           0x200000c0       0x88 load address 0x00001268
                0x200000c0                __cy_region_start_data = .
 *(.jcr)
 .jcr           0x200000c0        0x0 e:/program files (x86)/cypress/psoc creator/4.2/psoc creator/import/gnu/arm/5.4.1/bin/../lib/gcc/arm-none-eabi/5.4.1/armv6-m/crtbegin.o
 .jcr           0x200000c0        0x4 e:/program files (x86)/cypress/psoc creator/4.2/psoc creator/import/gnu/arm/5.4.1/bin/../lib/gcc/arm-none-eabi/5.4.1/armv6-m/crtend.o
 *(.got.plt)
 *(.got)
 *(.shdata)
 *(.data .data.* .gnu.linkonce.d.*)
 .data          0x200000c4       0x14 .\CortexM0\ARM_GCC_541\Debug\PioneerLSeries.a(CyLib.o)
                0x200000c4                CySysClkPumpConfig
                0x200000c8                cydelay32kMs
                0x200000cc                cydelayFreqKhz
                0x200000d0                cydelayFreqMhz
                0x200000d4                cydelayFreqHz
 .data          0x200000d8        0x8 .\CortexM0\ARM_GCC_541\Debug\PioneerLSeries.a(CyLFClk.o)
 .data.impure_data
                0x200000e0       0x60 e:/program files (x86)/cypress/psoc creator/4.2/psoc creator/import/gnu/arm/5.4.1/bin/../lib/gcc/arm-none-eabi/5.4.1/../../../../arm-none-eabi/lib/armv6-m\libg_nano.a(lib_a-impure.o)
 .data._impure_ptr
                0x20000140        0x4 e:/program files (x86)/cypress/psoc creator/4.2/psoc creator/import/gnu/arm/5.4.1/bin/../lib/gcc/arm-none-eabi/5.4.1/../../../../arm-none-eabi/lib/armv6-m\libg_nano.a(lib_a-impure.o)
                0x20000140                _impure_ptr
                0x20000148                . = ALIGN (0x8)
 *fill*         0x20000144        0x4 
 *(.ram)
                0x20000148                _edata = .

.igot.plt       0x20000148        0x0 load address 0x000012f0
 .igot.plt      0x20000148        0x0 e:/program files (x86)/cypress/psoc creator/4.2/psoc creator/import/gnu/arm/5.4.1/bin/../lib/gcc/arm-none-eabi/5.4.1/armv6-m/crtbegin.o

.bss            0x20000148       0xc8 load address 0x000012f0
                0x20000148                PROVIDE (__bss_start__, .)
 *(.shbss)
 *(.bss .bss.* .gnu.linkonce.b.*)
 .bss           0x20000148       0x1c e:/program files (x86)/cypress/psoc creator/4.2/psoc creator/import/gnu/arm/5.4.1/bin/../lib/gcc/arm-none-eabi/5.4.1/armv6-m/crtbegin.o
 .bss           0x20000164        0x8 .\CortexM0\ARM_GCC_541\Debug\main.o
                0x20000164                firstTCBPtr
                0x20000168                lastTCBPtr
 .bss           0x2000016c       0x1c .\CortexM0\ARM_GCC_541\Debug\PioneerLSeries.a(CyLib.o)
                0x2000016c                CySysClkImoTrim4
                0x20000184                CySysTickInitVar
 .bss           0x20000188       0x28 .\CortexM0\ARM_GCC_541\Debug\PioneerLSeries.a(CyLFClk.o)
 .bss           0x200001b0        0x1 .\CortexM0\ARM_GCC_541\Debug\PioneerLSeries.a(ADC.o)
                0x200001b0                ADC_initVar
 .bss           0x200001b1        0x2 .\CortexM0\ARM_GCC_541\Debug\PioneerLSeries.a(LCD.o)
                0x200001b1                LCD_enableState
                0x200001b2                LCD_initVar
 *(COMMON)
 *fill*         0x200001b3        0x1 
 COMMON         0x200001b4       0x44 .\CortexM0\ARM_GCC_541\Debug\main.o
                0x200001b4                myDisplayData
                0x200001c0                displayTCB
                0x200001cc                myPotData
                0x200001d4                potTCB
                0x200001e0                motor0
 COMMON         0x200001f8       0x12 .\CortexM0\ARM_GCC_541\Debug\PioneerLSeries.a(ADC.o)
                0x200001f8                ADC_countsPer10Volt
                0x20000204                ADC_offset
                0x20000210                . = ALIGN (0x8)
 *fill*         0x2000020a        0x6 
 *(.ram.b)
                0x20000210                _end = .
                0x20000210                __end = .
                0x20000210                PROVIDE (end, .)
                0x20000210                PROVIDE (__bss_end__, .)
                0x00001268                __cy_region_init_ram = LOADADDR (.data)
                0x00000088                __cy_region_init_size_ram = (_edata - ADDR (.data))
                0x000000c8                __cy_region_zero_size_ram = (_end - _edata)

.heap           0x20000210       0x80 load address 0x000012f0
                0x20000210                . = _end
                0x20000290                . = (. + 0x80)
 *fill*         0x20000210       0x80 
                0x20000290                __cy_heap_limit = .

.stack          0x20007800      0x800
                0x20007800                __cy_stack_limit = .
                0x20008000                . = (. + 0x800)
 *fill*         0x20007800      0x800 
                0x00000001                ASSERT ((__cy_stack_limit >= __cy_heap_limit), region RAM overflowed with stack)
                0x00000000                cy_checksum_exclude_size = (CY_APPL_LOADABLE == 0x1)?SIZEOF (.cy_checksum_exclude):0x0
                0x00000001                ASSERT ((cy_checksum_exclude_size <= CY_CHECKSUM_EXCLUDE_SIZE), CY_BOOT: Section .cy_checksum_exclude size exceedes specified limit.)
                0x0003ffc0                cyloadermeta_start = (cy_project_type_bootloader || cy_project_type_app_for_stack_and_copier)?(LENGTH (rom) - CY_METADATA_SIZE):0xf0000000

.cyloadermeta
 *(.cyloadermeta)
                0x0003ffc0                cyloadablemeta_start = cy_project_type_app_for_stack_and_copier?((LENGTH (rom) - CY_FLASH_ROW_SIZE) - CY_METADATA_SIZE):((LENGTH (rom) - (CY_FLASH_ROW_SIZE * (CY_APPL_NUM - 0x1))) - CY_METADATA_SIZE)

.cyloadablemeta
 *(.cyloadablemeta)

.cyflashprotect
                0x90400000       0x80
 *(.cyflashprotect)
 .cyflashprotect
                0x90400000       0x80 .\CortexM0\ARM_GCC_541\Debug\cymetadata.o
                0x90400000                cy_meta_flashprotect

.cymeta         0x90500000        0xc
 *(.cymeta)
 .cymeta        0x90500000        0xc .\CortexM0\ARM_GCC_541\Debug\cymetadata.o
                0x90500000                cy_metadata

.cychipprotect  0x90600000        0x1
 *(.cychipprotect)
 .cychipprotect
                0x90600000        0x1 .\CortexM0\ARM_GCC_541\Debug\cymetadata.o
                0x90600000                cy_meta_chipprotect

.rel.dyn        0x000012f0        0x0 load address 0x90600004
 .rel.iplt      0x000012f0        0x0 e:/program files (x86)/cypress/psoc creator/4.2/psoc creator/import/gnu/arm/5.4.1/bin/../lib/gcc/arm-none-eabi/5.4.1/armv6-m/crtbegin.o

.stab
 *(.stab)

.stabstr
 *(.stabstr)

.debug
 *(.debug)

.line
 *(.line)

.debug_srcinfo
 *(.debug_srcinfo)

.debug_sfnames
 *(.debug_sfnames)

.debug_aranges  0x00000000      0x6f0
 *(.debug_aranges)
 .debug_aranges
                0x00000000       0x40 .\CortexM0\ARM_GCC_541\Debug\main.o
 .debug_aranges
                0x00000040       0x20 .\CortexM0\ARM_GCC_541\Debug\pots.o
 .debug_aranges
                0x00000060       0x28 .\CortexM0\ARM_GCC_541\Debug\scheduler.o
 .debug_aranges
                0x00000088       0x20 .\CortexM0\ARM_GCC_541\Debug\display.o
 .debug_aranges
                0x000000a8       0x40 .\CortexM0\ARM_GCC_541\Debug\cyfitter_cfg.o
 .debug_aranges
                0x000000e8       0x18 .\CortexM0\ARM_GCC_541\Debug\cymetadata.o
 .debug_aranges
                0x00000100       0x48 .\CortexM0\ARM_GCC_541\Debug\Cm0Start.o
 .debug_aranges
                0x00000148      0x260 .\CortexM0\ARM_GCC_541\Debug\PioneerLSeries.a(CyLib.o)
 .debug_aranges
                0x000003a8      0x188 .\CortexM0\ARM_GCC_541\Debug\PioneerLSeries.a(CyLFClk.o)
 .debug_aranges
                0x00000530       0xa8 .\CortexM0\ARM_GCC_541\Debug\PioneerLSeries.a(ADC.o)
 .debug_aranges
                0x000005d8       0x20 .\CortexM0\ARM_GCC_541\Debug\PioneerLSeries.a(ADC_INT.o)
 .debug_aranges
                0x000005f8       0x98 .\CortexM0\ARM_GCC_541\Debug\PioneerLSeries.a(LCD.o)
 .debug_aranges
                0x00000690       0x20 .\CortexM0\ARM_GCC_541\Debug\PioneerLSeries.a(CyBootAsmGnu.o)
 .debug_aranges
                0x000006b0       0x40 .\CortexM0\ARM_GCC_541\Debug\PioneerLSeries.a(CyFlash.o)

.debug_pubnames
 *(.debug_pubnames)

.debug_info     0x00000000     0x47fc
 *(.debug_info .gnu.linkonce.wi.*)
 .debug_info    0x00000000      0x389 .\CortexM0\ARM_GCC_541\Debug\main.o
 .debug_info    0x00000389      0x12f .\CortexM0\ARM_GCC_541\Debug\pots.o
 .debug_info    0x000004b8      0x149 .\CortexM0\ARM_GCC_541\Debug\scheduler.o
 .debug_info    0x00000601      0x150 .\CortexM0\ARM_GCC_541\Debug\display.o
 .debug_info    0x00000751      0x2df .\CortexM0\ARM_GCC_541\Debug\cyfitter_cfg.o
 .debug_info    0x00000a30       0xf8 .\CortexM0\ARM_GCC_541\Debug\cymetadata.o
 .debug_info    0x00000b28      0x3a2 .\CortexM0\ARM_GCC_541\Debug\Cm0Start.o
 .debug_info    0x00000eca     0x172c .\CortexM0\ARM_GCC_541\Debug\PioneerLSeries.a(CyLib.o)
 .debug_info    0x000025f6     0x1058 .\CortexM0\ARM_GCC_541\Debug\PioneerLSeries.a(CyLFClk.o)
 .debug_info    0x0000364e      0x5a5 .\CortexM0\ARM_GCC_541\Debug\PioneerLSeries.a(ADC.o)
 .debug_info    0x00003bf3       0xcb .\CortexM0\ARM_GCC_541\Debug\PioneerLSeries.a(ADC_INT.o)
 .debug_info    0x00003cbe      0x721 .\CortexM0\ARM_GCC_541\Debug\PioneerLSeries.a(LCD.o)
 .debug_info    0x000043df       0xcb .\CortexM0\ARM_GCC_541\Debug\PioneerLSeries.a(CyBootAsmGnu.o)
 .debug_info    0x000044aa      0x352 .\CortexM0\ARM_GCC_541\Debug\PioneerLSeries.a(CyFlash.o)

.debug_abbrev   0x00000000     0x11c8
 *(.debug_abbrev)
 .debug_abbrev  0x00000000      0x173 .\CortexM0\ARM_GCC_541\Debug\main.o
 .debug_abbrev  0x00000173       0xf1 .\CortexM0\ARM_GCC_541\Debug\pots.o
 .debug_abbrev  0x00000264       0xdf .\CortexM0\ARM_GCC_541\Debug\scheduler.o
 .debug_abbrev  0x00000343       0xef .\CortexM0\ARM_GCC_541\Debug\display.o
 .debug_abbrev  0x00000432      0x188 .\CortexM0\ARM_GCC_541\Debug\cyfitter_cfg.o
 .debug_abbrev  0x000005ba       0x5d .\CortexM0\ARM_GCC_541\Debug\cymetadata.o
 .debug_abbrev  0x00000617      0x1d7 .\CortexM0\ARM_GCC_541\Debug\Cm0Start.o
 .debug_abbrev  0x000007ee      0x288 .\CortexM0\ARM_GCC_541\Debug\PioneerLSeries.a(CyLib.o)
 .debug_abbrev  0x00000a76      0x248 .\CortexM0\ARM_GCC_541\Debug\PioneerLSeries.a(CyLFClk.o)
 .debug_abbrev  0x00000cbe      0x19e .\CortexM0\ARM_GCC_541\Debug\PioneerLSeries.a(ADC.o)
 .debug_abbrev  0x00000e5c       0x65 .\CortexM0\ARM_GCC_541\Debug\PioneerLSeries.a(ADC_INT.o)
 .debug_abbrev  0x00000ec1      0x171 .\CortexM0\ARM_GCC_541\Debug\PioneerLSeries.a(LCD.o)
 .debug_abbrev  0x00001032       0x14 .\CortexM0\ARM_GCC_541\Debug\PioneerLSeries.a(CyBootAsmGnu.o)
 .debug_abbrev  0x00001046      0x182 .\CortexM0\ARM_GCC_541\Debug\PioneerLSeries.a(CyFlash.o)

.debug_line     0x00000000     0x1c1d
 *(.debug_line)
 .debug_line    0x00000000       0xf1 .\CortexM0\ARM_GCC_541\Debug\main.o
 .debug_line    0x000000f1       0x83 .\CortexM0\ARM_GCC_541\Debug\pots.o
 .debug_line    0x00000174       0x5f .\CortexM0\ARM_GCC_541\Debug\scheduler.o
 .debug_line    0x000001d3       0x76 .\CortexM0\ARM_GCC_541\Debug\display.o
 .debug_line    0x00000249      0x162 .\CortexM0\ARM_GCC_541\Debug\cyfitter_cfg.o
 .debug_line    0x000003ab      0x141 .\CortexM0\ARM_GCC_541\Debug\cymetadata.o
 .debug_line    0x000004ec      0x236 .\CortexM0\ARM_GCC_541\Debug\Cm0Start.o
 .debug_line    0x00000722      0x87d .\CortexM0\ARM_GCC_541\Debug\PioneerLSeries.a(CyLib.o)
 .debug_line    0x00000f9f      0x5d1 .\CortexM0\ARM_GCC_541\Debug\PioneerLSeries.a(CyLFClk.o)
 .debug_line    0x00001570      0x28a .\CortexM0\ARM_GCC_541\Debug\PioneerLSeries.a(ADC.o)
 .debug_line    0x000017fa       0x62 .\CortexM0\ARM_GCC_541\Debug\PioneerLSeries.a(ADC_INT.o)
 .debug_line    0x0000185c      0x1e6 .\CortexM0\ARM_GCC_541\Debug\PioneerLSeries.a(LCD.o)
 .debug_line    0x00001a42       0x68 .\CortexM0\ARM_GCC_541\Debug\PioneerLSeries.a(CyBootAsmGnu.o)
 .debug_line    0x00001aaa      0x173 .\CortexM0\ARM_GCC_541\Debug\PioneerLSeries.a(CyFlash.o)

.debug_frame    0x00000000     0x1468
 *(.debug_frame)
 .debug_frame   0x00000000       0x78 .\CortexM0\ARM_GCC_541\Debug\main.o
 .debug_frame   0x00000078       0x30 .\CortexM0\ARM_GCC_541\Debug\pots.o
 .debug_frame   0x000000a8       0x3c .\CortexM0\ARM_GCC_541\Debug\scheduler.o
 .debug_frame   0x000000e4       0x2c .\CortexM0\ARM_GCC_541\Debug\display.o
 .debug_frame   0x00000110       0x90 .\CortexM0\ARM_GCC_541\Debug\cyfitter_cfg.o
 .debug_frame   0x000001a0       0xbc .\CortexM0\ARM_GCC_541\Debug\Cm0Start.o
 .debug_frame   0x0000025c      0x6dc .\CortexM0\ARM_GCC_541\Debug\PioneerLSeries.a(CyLib.o)
 .debug_frame   0x00000938      0x4a4 .\CortexM0\ARM_GCC_541\Debug\PioneerLSeries.a(CyLFClk.o)
 .debug_frame   0x00000ddc      0x1b0 .\CortexM0\ARM_GCC_541\Debug\PioneerLSeries.a(ADC.o)
 .debug_frame   0x00000f8c       0x20 .\CortexM0\ARM_GCC_541\Debug\PioneerLSeries.a(ADC_INT.o)
 .debug_frame   0x00000fac      0x1f0 .\CortexM0\ARM_GCC_541\Debug\PioneerLSeries.a(LCD.o)
 .debug_frame   0x0000119c       0x90 .\CortexM0\ARM_GCC_541\Debug\PioneerLSeries.a(CyFlash.o)
 .debug_frame   0x0000122c       0x20 e:/program files (x86)/cypress/psoc creator/4.2/psoc creator/import/gnu/arm/5.4.1/bin/../lib/gcc/arm-none-eabi/5.4.1/armv6-m\libgcc.a(_udivsi3.o)
 .debug_frame   0x0000124c       0x20 e:/program files (x86)/cypress/psoc creator/4.2/psoc creator/import/gnu/arm/5.4.1/bin/../lib/gcc/arm-none-eabi/5.4.1/armv6-m\libgcc.a(_divsi3.o)
 .debug_frame   0x0000126c       0x34 e:/program files (x86)/cypress/psoc creator/4.2/psoc creator/import/gnu/arm/5.4.1/bin/../lib/gcc/arm-none-eabi/5.4.1/armv6-m\libgcc.a(_muldi3.o)
 .debug_frame   0x000012a0       0x30 e:/program files (x86)/cypress/psoc creator/4.2/psoc creator/import/gnu/arm/5.4.1/bin/../lib/gcc/arm-none-eabi/5.4.1/armv6-m\libgcc.a(bpabi.o)
 .debug_frame   0x000012d0       0x3c e:/program files (x86)/cypress/psoc creator/4.2/psoc creator/import/gnu/arm/5.4.1/bin/../lib/gcc/arm-none-eabi/5.4.1/armv6-m\libgcc.a(divsf3.o)
 .debug_frame   0x0000130c       0x38 e:/program files (x86)/cypress/psoc creator/4.2/psoc creator/import/gnu/arm/5.4.1/bin/../lib/gcc/arm-none-eabi/5.4.1/armv6-m\libgcc.a(mulsf3.o)
 .debug_frame   0x00001344       0x2c e:/program files (x86)/cypress/psoc creator/4.2/psoc creator/import/gnu/arm/5.4.1/bin/../lib/gcc/arm-none-eabi/5.4.1/armv6-m\libgcc.a(floatsisf.o)
 .debug_frame   0x00001370       0x3c e:/program files (x86)/cypress/psoc creator/4.2/psoc creator/import/gnu/arm/5.4.1/bin/../lib/gcc/arm-none-eabi/5.4.1/armv6-m\libgcc.a(_divdi3.o)
 .debug_frame   0x000013ac       0x20 e:/program files (x86)/cypress/psoc creator/4.2/psoc creator/import/gnu/arm/5.4.1/bin/../lib/gcc/arm-none-eabi/5.4.1/../../../../arm-none-eabi/lib/armv6-m\libg_nano.a(lib_a-errno.o)
 .debug_frame   0x000013cc       0x28 e:/program files (x86)/cypress/psoc creator/4.2/psoc creator/import/gnu/arm/5.4.1/bin/../lib/gcc/arm-none-eabi/5.4.1/../../../../arm-none-eabi/lib/armv6-m\libg_nano.a(lib_a-exit.o)
 .debug_frame   0x000013f4       0x2c e:/program files (x86)/cypress/psoc creator/4.2/psoc creator/import/gnu/arm/5.4.1/bin/../lib/gcc/arm-none-eabi/5.4.1/../../../../arm-none-eabi/lib/armv6-m\libg_nano.a(lib_a-init.o)
 .debug_frame   0x00001420       0x28 e:/program files (x86)/cypress/psoc creator/4.2/psoc creator/import/gnu/arm/5.4.1/bin/../lib/gcc/arm-none-eabi/5.4.1/../../../../arm-none-eabi/lib/armv6-m\libg_nano.a(lib_a-memcpy-stub.o)
 .debug_frame   0x00001448       0x20 e:/program files (x86)/cypress/psoc creator/4.2/psoc creator/import/gnu/arm/5.4.1/bin/../lib/gcc/arm-none-eabi/5.4.1/../../../../arm-none-eabi/lib/armv6-m\libg_nano.a(lib_a-memset.o)

.debug_str      0x00000000     0x1a62
 *(.debug_str)
 .debug_str     0x00000000      0x2c1 .\CortexM0\ARM_GCC_541\Debug\main.o
                                0x307 (size before relaxing)
 .debug_str     0x000002c1       0x36 .\CortexM0\ARM_GCC_541\Debug\pots.o
                                0x201 (size before relaxing)
 .debug_str     0x000002f7       0x98 .\CortexM0\ARM_GCC_541\Debug\scheduler.o
                                0x20d (size before relaxing)
 .debug_str     0x0000038f       0x54 .\CortexM0\ARM_GCC_541\Debug\display.o
                                0x21b (size before relaxing)
 .debug_str     0x000003e3       0xf3 .\CortexM0\ARM_GCC_541\Debug\cyfitter_cfg.o
                                0x2bd (size before relaxing)
 .debug_str     0x000004d6       0x63 .\CortexM0\ARM_GCC_541\Debug\cymetadata.o
                                0x203 (size before relaxing)
 .debug_str     0x00000539      0x13a .\CortexM0\ARM_GCC_541\Debug\Cm0Start.o
                                0x33c (size before relaxing)
 .debug_str     0x00000673      0x926 .\CortexM0\ARM_GCC_541\Debug\PioneerLSeries.a(CyLib.o)
                                0xb60 (size before relaxing)
 .debug_str     0x00000f99      0x6de .\CortexM0\ARM_GCC_541\Debug\PioneerLSeries.a(CyLFClk.o)
                                0x958 (size before relaxing)
 .debug_str     0x00001677      0x1c4 .\CortexM0\ARM_GCC_541\Debug\PioneerLSeries.a(ADC.o)
                                0x413 (size before relaxing)
 .debug_str     0x0000183b       0x35 .\CortexM0\ARM_GCC_541\Debug\PioneerLSeries.a(ADC_INT.o)
                                0x1f8 (size before relaxing)
 .debug_str     0x00001870      0x140 .\CortexM0\ARM_GCC_541\Debug\PioneerLSeries.a(LCD.o)
                                0x367 (size before relaxing)
 .debug_str     0x000019b0       0xb2 .\CortexM0\ARM_GCC_541\Debug\PioneerLSeries.a(CyFlash.o)
                                0x2eb (size before relaxing)

.debug_loc      0x00000000     0x323b
 *(.debug_loc)
 .debug_loc     0x00000000       0x1f .\CortexM0\ARM_GCC_541\Debug\main.o
 .debug_loc     0x0000001f       0x77 .\CortexM0\ARM_GCC_541\Debug\pots.o
 .debug_loc     0x00000096       0x2c .\CortexM0\ARM_GCC_541\Debug\scheduler.o
 .debug_loc     0x000000c2       0x58 .\CortexM0\ARM_GCC_541\Debug\display.o
 .debug_loc     0x0000011a       0xc7 .\CortexM0\ARM_GCC_541\Debug\cyfitter_cfg.o
 .debug_loc     0x000001e1      0x14f .\CortexM0\ARM_GCC_541\Debug\Cm0Start.o
 .debug_loc     0x00000330     0x1757 .\CortexM0\ARM_GCC_541\Debug\PioneerLSeries.a(CyLib.o)
 .debug_loc     0x00001a87      0xdb7 .\CortexM0\ARM_GCC_541\Debug\PioneerLSeries.a(CyLFClk.o)
 .debug_loc     0x0000283e      0x4ba .\CortexM0\ARM_GCC_541\Debug\PioneerLSeries.a(ADC.o)
 .debug_loc     0x00002cf8      0x3e3 .\CortexM0\ARM_GCC_541\Debug\PioneerLSeries.a(LCD.o)
 .debug_loc     0x000030db      0x160 .\CortexM0\ARM_GCC_541\Debug\PioneerLSeries.a(CyFlash.o)

.debug_macinfo
 *(.debug_macinfo)

.debug_ranges   0x00000000      0x5f8
 *(.debug_ranges)
 .debug_ranges  0x00000000       0x30 .\CortexM0\ARM_GCC_541\Debug\main.o
 .debug_ranges  0x00000030       0x10 .\CortexM0\ARM_GCC_541\Debug\pots.o
 .debug_ranges  0x00000040       0x18 .\CortexM0\ARM_GCC_541\Debug\scheduler.o
 .debug_ranges  0x00000058       0x10 .\CortexM0\ARM_GCC_541\Debug\display.o
 .debug_ranges  0x00000068       0x30 .\CortexM0\ARM_GCC_541\Debug\cyfitter_cfg.o
 .debug_ranges  0x00000098       0x38 .\CortexM0\ARM_GCC_541\Debug\Cm0Start.o
 .debug_ranges  0x000000d0      0x250 .\CortexM0\ARM_GCC_541\Debug\PioneerLSeries.a(CyLib.o)
 .debug_ranges  0x00000320      0x178 .\CortexM0\ARM_GCC_541\Debug\PioneerLSeries.a(CyLFClk.o)
 .debug_ranges  0x00000498       0x98 .\CortexM0\ARM_GCC_541\Debug\PioneerLSeries.a(ADC.o)
 .debug_ranges  0x00000530       0x10 .\CortexM0\ARM_GCC_541\Debug\PioneerLSeries.a(ADC_INT.o)
 .debug_ranges  0x00000540       0x88 .\CortexM0\ARM_GCC_541\Debug\PioneerLSeries.a(LCD.o)
 .debug_ranges  0x000005c8       0x30 .\CortexM0\ARM_GCC_541\Debug\PioneerLSeries.a(CyFlash.o)

.comment        0x00000000       0x6e
 .comment       0x00000000       0x6e .\CortexM0\ARM_GCC_541\Debug\main.o
                                 0x6f (size before relaxing)
 .comment       0x0000006e       0x6f .\CortexM0\ARM_GCC_541\Debug\pots.o
 .comment       0x0000006e       0x6f .\CortexM0\ARM_GCC_541\Debug\scheduler.o
 .comment       0x0000006e       0x6f .\CortexM0\ARM_GCC_541\Debug\display.o
 .comment       0x0000006e       0x6f .\CortexM0\ARM_GCC_541\Debug\cyfitter_cfg.o
 .comment       0x0000006e       0x6f .\CortexM0\ARM_GCC_541\Debug\cymetadata.o
 .comment       0x0000006e       0x6f .\CortexM0\ARM_GCC_541\Debug\Cm0Start.o
 .comment       0x0000006e       0x6f .\CortexM0\ARM_GCC_541\Debug\PioneerLSeries.a(CyLib.o)
 .comment       0x0000006e       0x6f .\CortexM0\ARM_GCC_541\Debug\PioneerLSeries.a(CyLFClk.o)
 .comment       0x0000006e       0x6f .\CortexM0\ARM_GCC_541\Debug\PioneerLSeries.a(ADC.o)
 .comment       0x0000006e       0x6f .\CortexM0\ARM_GCC_541\Debug\PioneerLSeries.a(ADC_INT.o)
 .comment       0x0000006e       0x6f .\CortexM0\ARM_GCC_541\Debug\PioneerLSeries.a(LCD.o)
 .comment       0x0000006e       0x6f .\CortexM0\ARM_GCC_541\Debug\PioneerLSeries.a(CyFlash.o)

.debug_weaknames
 *(.debug_weaknames)

.debug_funcnames
 *(.debug_funcnames)

.debug_typenames
 *(.debug_typenames)

.debug_varnames
 *(.debug_varnames)

.note.gnu.arm.ident
 *(.note.gnu.arm.ident)

.ARM.attributes
                0x00000000       0x28
 *(.ARM.attributes)
 .ARM.attributes
                0x00000000       0x1e e:/program files (x86)/cypress/psoc creator/4.2/psoc creator/import/gnu/arm/5.4.1/bin/../lib/gcc/arm-none-eabi/5.4.1/armv6-m/crti.o
 .ARM.attributes
                0x0000001e       0x2c e:/program files (x86)/cypress/psoc creator/4.2/psoc creator/import/gnu/arm/5.4.1/bin/../lib/gcc/arm-none-eabi/5.4.1/armv6-m/crtbegin.o
 .ARM.attributes
                0x0000004a       0x1b e:/program files (x86)/cypress/psoc creator/4.2/psoc creator/import/gnu/arm/5.4.1/bin/../lib/gcc/arm-none-eabi/5.4.1/../../../../arm-none-eabi/lib/armv6-m/crt0.o
 .ARM.attributes
                0x00000065       0x31 .\CortexM0\ARM_GCC_541\Debug\main.o
 .ARM.attributes
                0x00000096       0x31 .\CortexM0\ARM_GCC_541\Debug\pots.o
 .ARM.attributes
                0x000000c7       0x31 .\CortexM0\ARM_GCC_541\Debug\scheduler.o
 .ARM.attributes
                0x000000f8       0x31 .\CortexM0\ARM_GCC_541\Debug\display.o
 .ARM.attributes
                0x00000129       0x31 .\CortexM0\ARM_GCC_541\Debug\cyfitter_cfg.o
 .ARM.attributes
                0x0000015a       0x31 .\CortexM0\ARM_GCC_541\Debug\cymetadata.o
 .ARM.attributes
                0x0000018b       0x31 .\CortexM0\ARM_GCC_541\Debug\Cm0Start.o
 .ARM.attributes
                0x000001bc       0x31 .\CortexM0\ARM_GCC_541\Debug\PioneerLSeries.a(CyLib.o)
 .ARM.attributes
                0x000001ed       0x31 .\CortexM0\ARM_GCC_541\Debug\PioneerLSeries.a(CyLFClk.o)
 .ARM.attributes
                0x0000021e       0x31 .\CortexM0\ARM_GCC_541\Debug\PioneerLSeries.a(ADC.o)
 .ARM.attributes
                0x0000024f       0x31 .\CortexM0\ARM_GCC_541\Debug\PioneerLSeries.a(ADC_INT.o)
 .ARM.attributes
                0x00000280       0x31 .\CortexM0\ARM_GCC_541\Debug\PioneerLSeries.a(LCD.o)
 .ARM.attributes
                0x000002b1       0x21 .\CortexM0\ARM_GCC_541\Debug\PioneerLSeries.a(CyBootAsmGnu.o)
 .ARM.attributes
                0x000002d2       0x31 .\CortexM0\ARM_GCC_541\Debug\PioneerLSeries.a(CyFlash.o)
 .ARM.attributes
                0x00000303       0x1e e:/program files (x86)/cypress/psoc creator/4.2/psoc creator/import/gnu/arm/5.4.1/bin/../lib/gcc/arm-none-eabi/5.4.1/armv6-m\libgcc.a(_udivsi3.o)
 .ARM.attributes
                0x00000321       0x1e e:/program files (x86)/cypress/psoc creator/4.2/psoc creator/import/gnu/arm/5.4.1/bin/../lib/gcc/arm-none-eabi/5.4.1/armv6-m\libgcc.a(_divsi3.o)
 .ARM.attributes
                0x0000033f       0x1e e:/program files (x86)/cypress/psoc creator/4.2/psoc creator/import/gnu/arm/5.4.1/bin/../lib/gcc/arm-none-eabi/5.4.1/armv6-m\libgcc.a(_dvmd_tls.o)
 .ARM.attributes
                0x0000035d       0x1e e:/program files (x86)/cypress/psoc creator/4.2/psoc creator/import/gnu/arm/5.4.1/bin/../lib/gcc/arm-none-eabi/5.4.1/armv6-m\libgcc.a(_aeabi_ldivmod.o)
 .ARM.attributes
                0x0000037b       0x2c e:/program files (x86)/cypress/psoc creator/4.2/psoc creator/import/gnu/arm/5.4.1/bin/../lib/gcc/arm-none-eabi/5.4.1/armv6-m\libgcc.a(_muldi3.o)
 .ARM.attributes
                0x000003a7       0x2c e:/program files (x86)/cypress/psoc creator/4.2/psoc creator/import/gnu/arm/5.4.1/bin/../lib/gcc/arm-none-eabi/5.4.1/armv6-m\libgcc.a(bpabi.o)
 .ARM.attributes
                0x000003d3       0x2c e:/program files (x86)/cypress/psoc creator/4.2/psoc creator/import/gnu/arm/5.4.1/bin/../lib/gcc/arm-none-eabi/5.4.1/armv6-m\libgcc.a(divsf3.o)
 .ARM.attributes
                0x000003ff       0x2c e:/program files (x86)/cypress/psoc creator/4.2/psoc creator/import/gnu/arm/5.4.1/bin/../lib/gcc/arm-none-eabi/5.4.1/armv6-m\libgcc.a(mulsf3.o)
 .ARM.attributes
                0x0000042b       0x2c e:/program files (x86)/cypress/psoc creator/4.2/psoc creator/import/gnu/arm/5.4.1/bin/../lib/gcc/arm-none-eabi/5.4.1/armv6-m\libgcc.a(floatsisf.o)
 .ARM.attributes
                0x00000457       0x1e e:/program files (x86)/cypress/psoc creator/4.2/psoc creator/import/gnu/arm/5.4.1/bin/../lib/gcc/arm-none-eabi/5.4.1/armv6-m\libgcc.a(_clzsi2.o)
 .ARM.attributes
                0x00000475       0x2c e:/program files (x86)/cypress/psoc creator/4.2/psoc creator/import/gnu/arm/5.4.1/bin/../lib/gcc/arm-none-eabi/5.4.1/armv6-m\libgcc.a(_divdi3.o)
 .ARM.attributes
                0x000004a1       0x1e e:/program files (x86)/cypress/psoc creator/4.2/psoc creator/import/gnu/arm/5.4.1/bin/../lib/gcc/arm-none-eabi/5.4.1/armv6-m\libgcc.a(_clzdi2.o)
 .ARM.attributes
                0x000004bf       0x2c e:/program files (x86)/cypress/psoc creator/4.2/psoc creator/import/gnu/arm/5.4.1/bin/../lib/gcc/arm-none-eabi/5.4.1/../../../../arm-none-eabi/lib/armv6-m\libg_nano.a(lib_a-errno.o)
 .ARM.attributes
                0x000004eb       0x2c e:/program files (x86)/cypress/psoc creator/4.2/psoc creator/import/gnu/arm/5.4.1/bin/../lib/gcc/arm-none-eabi/5.4.1/../../../../arm-none-eabi/lib/armv6-m\libg_nano.a(lib_a-exit.o)
 .ARM.attributes
                0x00000517       0x2c e:/program files (x86)/cypress/psoc creator/4.2/psoc creator/import/gnu/arm/5.4.1/bin/../lib/gcc/arm-none-eabi/5.4.1/../../../../arm-none-eabi/lib/armv6-m\libg_nano.a(lib_a-impure.o)
 .ARM.attributes
                0x00000543       0x2c e:/program files (x86)/cypress/psoc creator/4.2/psoc creator/import/gnu/arm/5.4.1/bin/../lib/gcc/arm-none-eabi/5.4.1/../../../../arm-none-eabi/lib/armv6-m\libg_nano.a(lib_a-init.o)
 .ARM.attributes
                0x0000056f       0x2c e:/program files (x86)/cypress/psoc creator/4.2/psoc creator/import/gnu/arm/5.4.1/bin/../lib/gcc/arm-none-eabi/5.4.1/../../../../arm-none-eabi/lib/armv6-m\libg_nano.a(lib_a-memcpy-stub.o)
 .ARM.attributes
                0x0000059b       0x2c e:/program files (x86)/cypress/psoc creator/4.2/psoc creator/import/gnu/arm/5.4.1/bin/../lib/gcc/arm-none-eabi/5.4.1/../../../../arm-none-eabi/lib/armv6-m\libg_nano.a(lib_a-memset.o)
 .ARM.attributes
                0x000005c7       0x2c e:/program files (x86)/cypress/psoc creator/4.2/psoc creator/import/gnu/arm/5.4.1/bin/../lib/gcc/arm-none-eabi/5.4.1/armv6-m/crtend.o
 .ARM.attributes
                0x000005f3       0x1e e:/program files (x86)/cypress/psoc creator/4.2/psoc creator/import/gnu/arm/5.4.1/bin/../lib/gcc/arm-none-eabi/5.4.1/armv6-m/crtn.o

/DISCARD/
 *(.note.GNU-stack)
OUTPUT(E:\Users\Dylan\Documents\Husky Robotics\PSoCWorkspaces\HuskyRobotics2017-2018\PioneerLSeries\PioneerLSeries.cydsn\CortexM0\ARM_GCC_541\Debug\PioneerLSeries.elf elf32-littlearm)
